Component: ARM Compiler 5.06 update 6 (build 750) Tool: armlink [4d35ed]

==============================================================================

Section Cross References

    main.o(i.CloseTimerForHc) refers to stm32f10x_tim.o(i.TIM_Cmd) for TIM_Cmd
    main.o(i.Dir_test) refers to stm32f10x_gpio.o(i.GPIO_SetBits) for GPIO_SetBits
    main.o(i.Dir_test) refers to stm32f10x_gpio.o(i.GPIO_ResetBits) for GPIO_ResetBits
    main.o(i.GetEchoTimer) refers to stm32f10x_tim.o(i.TIM_GetCounter) for TIM_GetCounter
    main.o(i.GetEchoTimer) refers to main.o(i.delay_ms) for delay_ms
    main.o(i.GetEchoTimer) refers to main.o(.data) for msHcCount
    main.o(i.Get_Infrared) refers to stm32f10x_gpio.o(i.GPIO_ReadInputDataBit) for GPIO_ReadInputDataBit
    main.o(i.Hcsr04GetLength) refers to stm32f10x_gpio.o(i.GPIO_SetBits) for GPIO_SetBits
    main.o(i.Hcsr04GetLength) refers to main.o(i.delay_us) for delay_us
    main.o(i.Hcsr04GetLength) refers to stm32f10x_gpio.o(i.GPIO_ResetBits) for GPIO_ResetBits
    main.o(i.Hcsr04GetLength) refers to stm32f10x_gpio.o(i.GPIO_ReadInputDataBit) for GPIO_ReadInputDataBit
    main.o(i.Hcsr04GetLength) refers to main.o(i.OpenTimerForHc) for OpenTimerForHc
    main.o(i.Hcsr04GetLength) refers to main.o(i.CloseTimerForHc) for CloseTimerForHc
    main.o(i.Hcsr04GetLength) refers to main.o(i.GetEchoTimer) for GetEchoTimer
    main.o(i.Hcsr04GetLength) refers to fflt_clz.o(x$fpl$ffltu) for __aeabi_ui2f
    main.o(i.Hcsr04GetLength) refers to f2d.o(x$fpl$f2d) for __aeabi_f2d
    main.o(i.Hcsr04GetLength) refers to ddiv.o(x$fpl$ddiv) for __aeabi_ddiv
    main.o(i.Hcsr04GetLength) refers to d2f.o(x$fpl$d2f) for __aeabi_d2f
    main.o(i.Hcsr04GetLength) refers to faddsub_clz.o(x$fpl$fadd) for __aeabi_fadd
    main.o(i.Infrared_Init) refers to stm32f10x_gpio.o(i.GPIO_Init) for GPIO_Init
    main.o(i.LED_Check_Infrared) refers to stm32f10x_gpio.o(i.GPIO_ReadInputDataBit) for GPIO_ReadInputDataBit
    main.o(i.LED_Check_Infrared) refers to stm32f10x_gpio.o(i.GPIO_ResetBits) for GPIO_ResetBits
    main.o(i.LED_Check_Infrared) refers to stm32f10x_gpio.o(i.GPIO_SetBits) for GPIO_SetBits
    main.o(i.LED_Init) refers to stm32f10x_gpio.o(i.GPIO_Init) for GPIO_Init
    main.o(i.LED_Init) refers to stm32f10x_gpio.o(i.GPIO_SetBits) for GPIO_SetBits
    main.o(i.OpenTimerForHc) refers to stm32f10x_tim.o(i.TIM_SetCounter) for TIM_SetCounter
    main.o(i.OpenTimerForHc) refers to stm32f10x_tim.o(i.TIM_Cmd) for TIM_Cmd
    main.o(i.OpenTimerForHc) refers to main.o(.data) for msHcCount
    main.o(i.System_Init) refers to stm32f10x_rcc.o(i.RCC_APB2PeriphClockCmd) for RCC_APB2PeriphClockCmd
    main.o(i.System_Init) refers to main.o(i.delay_init) for delay_init
    main.o(i.System_Init) refers to main.o(i.LED_Init) for LED_Init
    main.o(i.System_Init) refers to main.o(i.Infrared_Init) for Infrared_Init
    main.o(i.System_Init) refers to main.o(i.Ultra_Init) for Ultra_Init
    main.o(i.System_Init) refers to main.o(i.TIM3_PWM_Init) for TIM3_PWM_Init
    main.o(i.TIM4_IRQHandler) refers to stm32f10x_tim.o(i.TIM_GetITStatus) for TIM_GetITStatus
    main.o(i.TIM4_IRQHandler) refers to stm32f10x_tim.o(i.TIM_ClearITPendingBit) for TIM_ClearITPendingBit
    main.o(i.TIM4_IRQHandler) refers to main.o(.data) for msHcCount
    main.o(i.Turn_Around) refers to main.o(i.delay_ms) for delay_ms
    main.o(i.Turn_Left) refers to main.o(i.delay_ms) for delay_ms
    main.o(i.Turn_Right) refers to main.o(i.delay_ms) for delay_ms
    main.o(i.Ultra_Init) refers to stm32f10x_gpio.o(i.GPIO_Init) for GPIO_Init
    main.o(i.Ultra_Init) refers to stm32f10x_rcc.o(i.RCC_APB1PeriphClockCmd) for RCC_APB1PeriphClockCmd
    main.o(i.Ultra_Init) refers to stm32f10x_tim.o(i.TIM_DeInit) for TIM_DeInit
    main.o(i.Ultra_Init) refers to stm32f10x_tim.o(i.TIM_TimeBaseInit) for TIM_TimeBaseInit
    main.o(i.Ultra_Init) refers to stm32f10x_tim.o(i.TIM_ClearFlag) for TIM_ClearFlag
    main.o(i.Ultra_Init) refers to stm32f10x_tim.o(i.TIM_ITConfig) for TIM_ITConfig
    main.o(i.Ultra_Init) refers to main.o(i.hcsr04_NVIC) for hcsr04_NVIC
    main.o(i.Ultra_Init) refers to stm32f10x_tim.o(i.TIM_Cmd) for TIM_Cmd
    main.o(i.Ultrasonic_test) refers to fflt_clz.o(x$fpl$fflt) for __aeabi_i2f
    main.o(i.Ultrasonic_test) refers to main.o(i.Hcsr04GetLength) for Hcsr04GetLength
    main.o(i.Ultrasonic_test) refers to fleqf.o(x$fpl$fleqf) for __aeabi_cfcmple
    main.o(i.Ultrasonic_test) refers to stm32f10x_gpio.o(i.GPIO_ResetBits) for GPIO_ResetBits
    main.o(i.Ultrasonic_test) refers to stm32f10x_gpio.o(i.GPIO_SetBits) for GPIO_SetBits
    main.o(i.Vertify_Left) refers to main.o(i.delay_ms) for delay_ms
    main.o(i.Vertify_Right) refers to main.o(i.delay_ms) for delay_ms
    main.o(i.delay_init) refers to main.o(.data) for fac_us
    main.o(i.delay_ms) refers to main.o(.data) for fac_ms
    main.o(i.delay_us) refers to main.o(.data) for fac_us
    main.o(i.hcsr04_NVIC) refers to misc.o(i.NVIC_PriorityGroupConfig) for NVIC_PriorityGroupConfig
[...]
    Removing stm32f10x_rcc.o(.revsh_text), (4 bytes).
    Removing stm32f10x_rcc.o(.rrx_text), (6 bytes).
    Removing stm32f10x_rcc.o(i.RCC_ADCCLKConfig), (24 bytes).
    Removing stm32f10x_rcc.o(i.RCC_AHBPeriphClockCmd), (32 bytes).
    Removing stm32f10x_rcc.o(i.RCC_AdjustHSICalibrationValue), (24 bytes).
    Removing stm32f10x_rcc.o(i.RCC_BackupResetCmd), (12 bytes).
    Removing stm32f10x_rcc.o(i.RCC_ClearFlag), (20 bytes).
    Removing stm32f10x_rcc.o(i.RCC_ClearITPendingBit), (12 bytes).
    Removing stm32f10x_rcc.o(i.RCC_ClockSecuritySystemCmd), (12 bytes).
    Removing stm32f10x_rcc.o(i.RCC_DeInit), (76 bytes).
    Removing stm32f10x_rcc.o(i.RCC_GetClocksFreq), (212 bytes).
    Removing stm32f10x_rcc.o(i.RCC_GetFlagStatus), (60 bytes).
    Removing stm32f10x_rcc.o(i.RCC_GetITStatus), (24 bytes).
    Removing stm32f10x_rcc.o(i.RCC_GetSYSCLKSource), (16 bytes).
    Removing stm32f10x_rcc.o(i.RCC_HCLKConfig), (24 bytes).
    Removing stm32f10x_rcc.o(i.RCC_HSEConfig), (76 bytes).
    Removing stm32f10x_rcc.o(i.RCC_HSICmd), (12 bytes).
    Removing stm32f10x_rcc.o(i.RCC_ITConfig), (32 bytes).
    Removing stm32f10x_rcc.o(i.RCC_LSEConfig), (52 bytes).
    Removing stm32f10x_rcc.o(i.RCC_LSICmd), (12 bytes).
    Removing stm32f10x_rcc.o(i.RCC_MCOConfig), (12 bytes).
    Removing stm32f10x_rcc.o(i.RCC_PCLK1Config), (24 bytes).
    Removing stm32f10x_rcc.o(i.RCC_PCLK2Config), (24 bytes).
    Removing stm32f10x_rcc.o(i.RCC_PLLCmd), (12 bytes).
    Removing stm32f10x_rcc.o(i.RCC_PLLConfig), (28 bytes).
    Removing stm32f10x_rcc.o(i.RCC_RTCCLKCmd), (12 bytes).
    Removing stm32f10x_rcc.o(i.RCC_RTCCLKConfig), (16 bytes).
    Removing stm32f10x_rcc.o(i.RCC_SYSCLKConfig), (24 bytes).
    Removing stm32f10x_rcc.o(i.RCC_USBCLKConfig), (12 bytes).
    Removing stm32f10x_rcc.o(i.RCC_WaitForHSEStartUp), (56 bytes).
    Removing stm32f10x_rcc.o(.data), (20 bytes).
    Removing stm32f10x_tim.o(.rev16_text), (4 bytes).
    Removing stm32f10x_tim.o(.revsh_text), (4 bytes).
    Removing stm32f10x_tim.o(.rrx_text), (6 bytes).
    Removing stm32f10x_tim.o(i.TI1_Config), (128 bytes).
    Removing stm32f10x_tim.o(i.TI2_Config), (152 bytes).
    Removing stm32f10x_tim.o(i.TI3_Config), (144 bytes).
    Removing stm32f10x_tim.o(i.TI4_Config), (152 bytes).
    Removing stm32f10x_tim.o(i.TIM_ARRPreloadConfig), (24 bytes).
    Removing stm32f10x_tim.o(i.TIM_BDTRConfig), (32 bytes).
    Removing stm32f10x_tim.o(i.TIM_BDTRStructInit), (18 bytes).
    Removing stm32f10x_tim.o(i.TIM_CCPreloadControl), (24 bytes).
    Removing stm32f10x_tim.o(i.TIM_CCxCmd), (30 bytes).
    Removing stm32f10x_tim.o(i.TIM_CCxNCmd), (30 bytes).
    Removing stm32f10x_tim.o(i.TIM_ClearOC1Ref), (18 bytes).
    Removing stm32f10x_tim.o(i.TIM_ClearOC2Ref), (24 bytes).
    Removing stm32f10x_tim.o(i.TIM_ClearOC3Ref), (18 bytes).
    Removing stm32f10x_tim.o(i.TIM_ClearOC4Ref), (24 bytes).
    Removing stm32f10x_tim.o(i.TIM_CounterModeConfig), (18 bytes).
    Removing stm32f10x_tim.o(i.TIM_CtrlPWMOutputs), (30 bytes).
    Removing stm32f10x_tim.o(i.TIM_DMACmd), (18 bytes).
    Removing stm32f10x_tim.o(i.TIM_DMAConfig), (10 bytes).
    Removing stm32f10x_tim.o(i.TIM_ETRClockMode1Config), (54 bytes).
    Removing stm32f10x_tim.o(i.TIM_ETRClockMode2Config), (32 bytes).
    Removing stm32f10x_tim.o(i.TIM_ETRConfig), (28 bytes).
    Removing stm32f10x_tim.o(i.TIM_EncoderInterfaceConfig), (66 bytes).
    Removing stm32f10x_tim.o(i.TIM_ForcedOC1Config), (18 bytes).
    Removing stm32f10x_tim.o(i.TIM_ForcedOC2Config), (26 bytes).
    Removing stm32f10x_tim.o(i.TIM_ForcedOC3Config), (18 bytes).
    Removing stm32f10x_tim.o(i.TIM_ForcedOC4Config), (26 bytes).
    Removing stm32f10x_tim.o(i.TIM_GenerateEvent), (4 bytes).
    Removing stm32f10x_tim.o(i.TIM_GetCapture1), (6 bytes).
    Removing stm32f10x_tim.o(i.TIM_GetCapture2), (6 bytes).
    Removing stm32f10x_tim.o(i.TIM_GetCapture3), (6 bytes).
    Removing stm32f10x_tim.o(i.TIM_GetCapture4), (8 bytes).
    Removing stm32f10x_tim.o(i.TIM_GetFlagStatus), (18 bytes).
    Removing stm32f10x_tim.o(i.TIM_GetPrescaler), (6 bytes).
    Removing stm32f10x_tim.o(i.TIM_ICInit), (172 bytes).
    Removing stm32f10x_tim.o(i.TIM_ICStructInit), (18 bytes).
    Removing stm32f10x_tim.o(i.TIM_ITRxExternalClockConfig), (24 bytes).
    Removing stm32f10x_tim.o(i.TIM_InternalClockConfig), (12 bytes).
    Removing stm32f10x_tim.o(i.TIM_OC1FastConfig), (18 bytes).
    Removing stm32f10x_tim.o(i.TIM_OC1Init), (152 bytes).
    Removing stm32f10x_tim.o(i.TIM_OC1NPolarityConfig), (18 bytes).
    Removing stm32f10x_tim.o(i.TIM_OC1PolarityConfig), (18 bytes).
    Removing stm32f10x_tim.o(i.TIM_OC1PreloadConfig), (18 bytes).
    Removing stm32f10x_tim.o(i.TIM_OC2FastConfig), (26 bytes).
    Removing stm32f10x_tim.o(i.TIM_OC2Init), (164 bytes).
    Removing stm32f10x_tim.o(i.TIM_OC2NPolarityConfig), (26 bytes).
    Removing stm32f10x_tim.o(i.TIM_OC2PolarityConfig), (26 bytes).
    Removing stm32f10x_tim.o(i.TIM_OC2PreloadConfig), (26 bytes).
    Removing stm32f10x_tim.o(i.TIM_OC3FastConfig), (18 bytes).
    Removing stm32f10x_tim.o(i.TIM_OC3Init), (160 bytes).
    Removing stm32f10x_tim.o(i.TIM_OC3NPolarityConfig), (26 bytes).
    Removing stm32f10x_tim.o(i.TIM_OC3PolarityConfig), (26 bytes).
    Removing stm32f10x_tim.o(i.TIM_OC3PreloadConfig), (18 bytes).
    Removing stm32f10x_tim.o(i.TIM_OC4FastConfig), (26 bytes).
    Removing stm32f10x_tim.o(i.TIM_OC4Init), (124 bytes).
    Removing stm32f10x_tim.o(i.TIM_OC4PolarityConfig), (26 bytes).
    Removing stm32f10x_tim.o(i.TIM_OC4PreloadConfig), (26 bytes).
    Removing stm32f10x_tim.o(i.TIM_OCStructInit), (20 bytes).
    Removing stm32f10x_tim.o(i.TIM_PWMIConfig), (124 bytes).
    Removing stm32f10x_tim.o(i.TIM_PrescalerConfig), (6 bytes).
    Removing stm32f10x_tim.o(i.TIM_SelectCCDMA), (24 bytes).
    Removing stm32f10x_tim.o(i.TIM_SelectCOM), (24 bytes).
    Removing stm32f10x_tim.o(i.TIM_SelectHallSensor), (24 bytes).
    Removing stm32f10x_tim.o(i.TIM_SelectInputTrigger), (18 bytes).
    Removing stm32f10x_tim.o(i.TIM_SelectMasterSlaveMode), (18 bytes).
    Removing stm32f10x_tim.o(i.TIM_SelectOCxM), (82 bytes).
    Removing stm32f10x_tim.o(i.TIM_SelectOnePulseMode), (18 bytes).
    Removing stm32f10x_tim.o(i.TIM_SelectOutputTrigger), (18 bytes).
    Removing stm32f10x_tim.o(i.TIM_SelectSlaveMode), (18 bytes).
    Removing stm32f10x_tim.o(i.TIM_SetAutoreload), (4 bytes).
    Removing stm32f10x_tim.o(i.TIM_SetClockDivision), (18 bytes).
    Removing stm32f10x_tim.o(i.TIM_SetCompare1), (4 bytes).
    Removing stm32f10x_tim.o(i.TIM_SetCompare2), (4 bytes).
    Removing stm32f10x_tim.o(i.TIM_SetCompare3), (4 bytes).
    Removing stm32f10x_tim.o(i.TIM_SetCompare4), (6 bytes).
    Removing stm32f10x_tim.o(i.TIM_SetIC1Prescaler), (18 bytes).
    Removing stm32f10x_tim.o(i.TIM_SetIC2Prescaler), (26 bytes).
    Removing stm32f10x_tim.o(i.TIM_SetIC3Prescaler), (18 bytes).
    Removing stm32f10x_tim.o(i.TIM_SetIC4Prescaler), (26 bytes).
    Removing stm32f10x_tim.o(i.TIM_TIxExternalClockConfig), (62 bytes).
    Removing stm32f10x_tim.o(i.TIM_TimeBaseStructInit), (18 bytes).
    Removing stm32f10x_tim.o(i.TIM_UpdateDisableConfig), (24 bytes).
    Removing stm32f10x_tim.o(i.TIM_UpdateRequestConfig), (24 bytes).
    Removing stm32f10x_usart.o(.rev16_text), (4 bytes).
    Removing stm32f10x_usart.o(.revsh_text), (4 bytes).
    Removing stm32f10x_usart.o(.rrx_text), (6 bytes).
    Removing stm32f10x_usart.o(i.USART_ClearFlag), (18 bytes).
    Removing stm32f10x_usart.o(i.USART_ClearITPendingBit), (30 bytes).
    Removing stm32f10x_usart.o(i.USART_ClockInit), (34 bytes).
    Removing stm32f10x_usart.o(i.USART_ClockStructInit), (12 bytes).
    Removing stm32f10x_usart.o(i.USART_Cmd), (24 bytes).
    Removing stm32f10x_usart.o(i.USART_DMACmd), (18 bytes).
    Removing stm32f10x_usart.o(i.USART_DeInit), (156 bytes).
    Removing stm32f10x_usart.o(i.USART_GetFlagStatus), (26 bytes).
    Removing stm32f10x_usart.o(i.USART_GetITStatus), (84 bytes).
    Removing stm32f10x_usart.o(i.USART_HalfDuplexCmd), (24 bytes).
    Removing stm32f10x_usart.o(i.USART_ITConfig), (74 bytes).
    Removing stm32f10x_usart.o(i.USART_Init), (216 bytes).
    Removing stm32f10x_usart.o(i.USART_IrDACmd), (24 bytes).
    Removing stm32f10x_usart.o(i.USART_IrDAConfig), (18 bytes).
    Removing stm32f10x_usart.o(i.USART_LINBreakDetectLengthConfig), (18 bytes).
    Removing stm32f10x_usart.o(i.USART_LINCmd), (24 bytes).
    Removing stm32f10x_usart.o(i.USART_OneBitMethodCmd), (24 bytes).
    Removing stm32f10x_usart.o(i.USART_OverSampling8Cmd), (22 bytes).
    Removing stm32f10x_usart.o(i.USART_ReceiveData), (10 bytes).
    Removing stm32f10x_usart.o(i.USART_ReceiverWakeUpCmd), (24 bytes).
    Removing stm32f10x_usart.o(i.USART_SendBreak), (10 bytes).
    Removing stm32f10x_usart.o(i.USART_SendData), (8 bytes).
    Removing stm32f10x_usart.o(i.USART_SetAddress), (18 bytes).
    Removing stm32f10x_usart.o(i.USART_SetGuardTime), (16 bytes).
    Removing stm32f10x_usart.o(i.USART_SetPrescaler), (16 bytes).
    Removing stm32f10x_usart.o(i.USART_SmartCardCmd), (24 bytes).
    Removing stm32f10x_usart.o(i.USART_SmartCardNACKCmd), (24 bytes).
    Removing stm32f10x_usart.o(i.USART_StructInit), (24 bytes).
    Removing stm32f10x_usart.o(i.USART_WakeUpConfig), (18 bytes).
    Removing dma_stm32f10x.o(.rev16_text), (4 bytes).
    Removing dma_stm32f10x.o(.revsh_text), (4 bytes).
    Removing dma_stm32f10x.o(.rrx_text), (6 bytes).
    Removing dma_stm32f10x.o(i.DMA_ChannelInitialize), (256 bytes).
    Removing dma_stm32f10x.o(i.DMA_ChannelUninitialize), (188 bytes).
    Removing dma_stm32f10x.o(i.__NVIC_ClearPendingIRQ), (28 bytes).
    Removing dma_stm32f10x.o(i.__NVIC_DisableIRQ), (60 bytes).
    Removing dma_stm32f10x.o(i.__NVIC_EnableIRQ), (26 bytes).
    Removing dma_stm32f10x.o(.data), (1 bytes).
    Removing gpio_stm32f10x.o(.rev16_text), (4 bytes).
    Removing gpio_stm32f10x.o(.revsh_text), (4 bytes).
    Removing gpio_stm32f10x.o(.rrx_text), (6 bytes).
    Removing system_stm32f10x.o(.rev16_text), (4 bytes).
    Removing system_stm32f10x.o(.revsh_text), (4 bytes).
    Removing system_stm32f10x.o(.rrx_text), (6 bytes).
    Removing system_stm32f10x.o(i.SystemCoreClockUpdate), (164 bytes).
    Removing system_stm32f10x.o(.data), (20 bytes).

199 unused section(s) (total 6925 bytes) removed from the image.

==============================================================================

Image Symbol Table

    Local Symbols

    Symbol Name                              Value     Ov Type        Size  Object(Section)

    ../clib/angel/boardlib.s                 0x00000000   Number         0  boardshut.o ABSOLUTE
    ../clib/angel/boardlib.s                 0x00000000   Number         0  boardinit1.o ABSOLUTE
    ../clib/angel/boardlib.s                 0x00000000   Number         0  boardinit2.o ABSOLUTE
    ../clib/angel/boardlib.s                 0x00000000   Number         0  boardinit3.o ABSOLUTE
    ../clib/angel/handlers.s                 0x00000000   Number         0  __scatter_zi.o ABSOLUTE
    ../clib/angel/handlers.s                 0x00000000   Number         0  __scatter_copy.o ABSOLUTE
    ../clib/angel/kernel.s                   0x00000000   Number         0  __rtentry.o ABSOLUTE
    ../clib/angel/kernel.s                   0x00000000   Number         0  __rtentry4.o ABSOLUTE
    ../clib/angel/kernel.s                   0x00000000   Number         0  __rtentry2.o ABSOLUTE
    ../clib/angel/kernel.s                   0x00000000   Number         0  rtexit.o ABSOLUTE
    ../clib/angel/kernel.s                   0x00000000   Number         0  rtexit2.o ABSOLUTE
    ../clib/angel/rt.s                       0x00000000   Number         0  rt_raise.o ABSOLUTE
    ../clib/angel/scatter.s                  0x00000000   Number         0  __scatter.o ABSOLUTE
    ../clib/angel/startup.s                  0x00000000   Number         0  __main.o ABSOLUTE
    ../clib/angel/sys.s                      0x00000000   Number         0  indicate_semi.o ABSOLUTE
    ../clib/angel/sys.s                      0x00000000   Number         0  sys_stackheap_outer.o ABSOLUTE
    ../clib/angel/sys.s                      0x00000000   Number         0  libspace.o ABSOLUTE
    ../clib/angel/sys.s                      0x00000000   Number         0  use_no_semi.o ABSOLUTE
    ../clib/angel/sysapp.c                   0x00000000   Number         0  sys_exit.o ABSOLUTE
    ../clib/angel/sysapp.c                   0x00000000   Number         0  sys_wrch.o ABSOLUTE
    ../clib/angel/sysapp.c                   0x00000000   Number         0  sys_command.o ABSOLUTE
    ../clib/armsys.c                         0x00000000   Number         0  no_argv.o ABSOLUTE
    ../clib/armsys.c                         0x00000000   Number         0  _get_argv_nomalloc.o ABSOLUTE
    ../clib/armsys.c                         0x00000000   Number         0  argv_veneer.o ABSOLUTE
    ../clib/armsys.c                         0x00000000   Number         0  argv_veneer.o ABSOLUTE
    ../clib/heapalloc.c                      0x00000000   Number         0  hrguard.o ABSOLUTE
    ../clib/heapaux.c                        0x00000000   Number         0  heapauxi.o ABSOLUTE
    ../clib/libinit.s                        0x00000000   Number         0  libshutdown.o ABSOLUTE
    ../clib/libinit.s                        0x00000000   Number         0  libinit.o ABSOLUTE
    ../clib/libinit.s                        0x00000000   Number         0  libinit2.o ABSOLUTE
    ../clib/libinit.s                        0x00000000   Number         0  libshutdown2.o ABSOLUTE
    ../clib/memcpset.s                       0x00000000   Number         0  rt_memclr_w.o ABSOLUTE
    ../clib/signal.c                         0x00000000   Number         0  defsig_rtmem_inner.o ABSOLUTE
    ../clib/signal.c                         0x00000000   Number         0  defsig_exit.o ABSOLUTE
    ../clib/signal.c                         0x00000000   Number         0  defsig_rtred_inner.o ABSOLUTE
    ../clib/signal.c                         0x00000000   Number         0  defsig_rtmem_formal.o ABSOLUTE
    ../clib/signal.c                         0x00000000   Number         0  defsig_rtmem_outer.o ABSOLUTE
    ../clib/signal.c                         0x00000000   Number         0  defsig_other.o ABSOLUTE
    ../clib/signal.c                         0x00000000   Number         0  defsig_segv_inner.o ABSOLUTE
    ../clib/signal.c                         0x00000000   Number         0  defsig_cppl_inner.o ABSOLUTE
    ../clib/signal.c                         0x00000000   Number         0  defsig_pvfn_inner.o ABSOLUTE
    ../clib/signal.c                         0x00000000   Number         0  defsig_stak_inner.o ABSOLUTE
    ../clib/signal.c                         0x00000000   Number         0  defsig_fpe_inner.o ABSOLUTE
    ../clib/signal.c                         0x00000000   Number         0  defsig_abrt_inner.o ABSOLUTE
    ../clib/signal.c                         0x00000000   Number         0  defsig_general.o ABSOLUTE
    ../clib/signal.c                         0x00000000   Number         0  __raise.o ABSOLUTE
    ../clib/signal.s                         0x00000000   Number         0  defsig.o ABSOLUTE
    ../clib/stdlib.c                         0x00000000   Number         0  exit.o ABSOLUTE
    ../fplib/d2f.s                           0x00000000   Number         0  d2f.o ABSOLUTE
    ../fplib/ddiv.s                          0x00000000   Number         0  ddiv.o ABSOLUTE
    ../fplib/dnaninf.s                       0x00000000   Number         0  dnaninf.o ABSOLUTE
    ../fplib/dretinf.s                       0x00000000   Number         0  dretinf.o ABSOLUTE
    ../fplib/f2d.s                           0x00000000   Number         0  f2d.o ABSOLUTE
    ../fplib/faddsub.s                       0x00000000   Number         0  faddsub_clz.o ABSOLUTE
    ../fplib/fcmpi.s                         0x00000000   Number         0  fcmpi.o ABSOLUTE
    ../fplib/fflt.s                          0x00000000   Number         0  fflt_clz.o ABSOLUTE
    ../fplib/fleqf.s                         0x00000000   Number         0  fleqf.o ABSOLUTE
    ../fplib/fnaninf.s                       0x00000000   Number         0  fnaninf.o ABSOLUTE
    ../fplib/fpinit.s                        0x00000000   Number         0  fpinit.o ABSOLUTE
    ../fplib/fretinf.s                       0x00000000   Number         0  fretinf.o ABSOLUTE
    ../fplib/frleqf.s                        0x00000000   Number         0  frleqf.o ABSOLUTE
    ../fplib/usenofp.s                       0x00000000   Number         0  usenofp.o ABSOLUTE
    C:\XYZone\Development Kit\Software\Cybertronic-32\MDK5.28\Pack\Keil\STM32F1xx_DFP\2.3.0\Device\StdPeriph_Driver\src\misc.c 0x00000000   Number         0  misc.o ABSOLUTE
    C:\XYZone\Development Kit\Software\Cybertronic-32\MDK5.28\Pack\Keil\STM32F1xx_DFP\2.3.0\Device\StdPeriph_Driver\src\stm32f10x_gpio.c 0x00000000   Number         0  stm32f10x_gpio.o ABSOLUTE
    C:\XYZone\Development Kit\Software\Cybertronic-32\MDK5.28\Pack\Keil\STM32F1xx_DFP\2.3.0\Device\StdPeriph_Driver\src\stm32f10x_rcc.c 0x00000000   Number         0  stm32f10x_rcc.o ABSOLUTE
    C:\XYZone\Development Kit\Software\Cybertronic-32\MDK5.28\Pack\Keil\STM32F1xx_DFP\2.3.0\Device\StdPeriph_Driver\src\stm32f10x_tim.c 0x00000000   Number         0  stm32f10x_tim.o ABSOLUTE
    C:\XYZone\Development Kit\Software\Cybertronic-32\MDK5.28\Pack\Keil\STM32F1xx_DFP\2.3.0\Device\StdPeriph_Driver\src\stm32f10x_usart.c 0x00000000   Number         0  stm32f10x_usart.o ABSOLUTE
    C:\XYZone\Development Kit\Software\Cybertronic-32\MDK5.28\Pack\Keil\STM32F1xx_DFP\2.3.0\RTE_Driver\DMA_STM32F10x.c 0x00000000   Number         0  dma_stm32f10x.o ABSOLUTE
    C:\XYZone\Development Kit\Software\Cybertronic-32\MDK5.28\Pack\Keil\STM32F1xx_DFP\2.3.0\RTE_Driver\GPIO_STM32F10x.c 0x00000000   Number         0  gpio_stm32f10x.o ABSOLUTE
    C:\XYZone\Development Kit\Software\Cybertronic-32\MDK5.28\Pack\Keil\STM32F1xx_DFP\2.3.0\RTE_Driver\USART_STM32F10x.c 0x00000000   Number         0  usart_stm32f10x.o ABSOLUTE
    C:\\XYZone\\Development Kit\\Software\\Cybertronic-32\\MDK5.28\\Pack\\Keil\\STM32F1xx_DFP\\2.3.0\\Device\\StdPeriph_Driver\\src\\misc.c 0x00000000   Number         0  misc.o ABSOLUTE
    C:\\XYZone\\Development Kit\\Software\\Cybertronic-32\\MDK5.28\\Pack\\Keil\\STM32F1xx_DFP\\2.3.0\\Device\\StdPeriph_Driver\\src\\stm32f10x_gpio.c 0x00000000   Number         0  stm32f10x_gpio.o ABSOLUTE
    C:\\XYZone\\Development Kit\\Software\\Cybertronic-32\\MDK5.28\\Pack\\Keil\\STM32F1xx_DFP\\2.3.0\\Device\\StdPeriph_Driver\\src\\stm32f10x_rcc.c 0x00000000   Number         0  stm32f10x_rcc.o ABSOLUTE
    C:\\XYZone\\Development Kit\\Software\\Cybertronic-32\\MDK5.28\\Pack\\Keil\\STM32F1xx_DFP\\2.3.0\\Device\\StdPeriph_Driver\\src\\stm32f10x_tim.c 0x00000000   Number         0  stm32f10x_tim.o ABSOLUTE
    C:\\XYZone\\Development Kit\\Software\\Cybertronic-32\\MDK5.28\\Pack\\Keil\\STM32F1xx_DFP\\2.3.0\\Device\\StdPeriph_Driver\\src\\stm32f10x_usart.c 0x00000000   Number         0  stm32f10x_usart.o ABSOLUTE
    C:\\XYZone\\Development Kit\\Software\\Cybertronic-32\\MDK5.28\\Pack\\Keil\\STM32F1xx_DFP\\2.3.0\\RTE_Driver\\DMA_STM32F10x.c 0x00000000   Number         0  dma_stm32f10x.o ABSOLUTE
    C:\\XYZone\\Development Kit\\Software\\Cybertronic-32\\MDK5.28\\Pack\\Keil\\STM32F1xx_DFP\\2.3.0\\RTE_Driver\\GPIO_STM32F10x.c 0x00000000   Number         0  gpio_stm32f10x.o ABSOLUTE
    C:\\XYZone\\Development Kit\\Software\\Cybertronic-32\\MDK5.28\\Pack\\Keil\\STM32F1xx_DFP\\2.3.0\\RTE_Driver\\USART_STM32F10x.c 0x00000000   Number         0  usart_stm32f10x.o ABSOLUTE
    RTE\Device\STM32F103RB\startup_stm32f10x_md.s 0x00000000   Number         0  startup_stm32f10x_md.o ABSOLUTE
    RTE\Device\STM32F103RB\system_stm32f10x.c 0x00000000   Number         0  system_stm32f10x.o ABSOLUTE
    RTE\\Device\\STM32F103RB\\system_stm32f10x.c 0x00000000   Number         0  system_stm32f10x.o ABSOLUTE
    dc.s                                     0x00000000   Number         0  dc.o ABSOLUTE
    src\\main.c                              0x00000000   Number         0  main.o ABSOLUTE
    src\main.c                               0x00000000   Number         0  main.o ABSOLUTE
    RESET                                    0x08000000   Section      236  startup_stm32f10x_md.o(RESET)
    !!!main                                  0x080000ec   Section        8  __main.o(!!!main)
    !!!scatter                               0x080000f4   Section       52  __scatter.o(!!!scatter)
    !!handler_copy                           0x08000128   Section       26  __scatter_copy.o(!!handler_copy)
    !!handler_zi                             0x08000144   Section       28  __scatter_zi.o(!!handler_zi)
    .ARM.Collect$$libinit$$00000000          0x08000160   Section        2  libinit.o(.ARM.Collect$$libinit$$00000000)
    .ARM.Collect$$libinit$$00000002          0x08000162   Section        0  libinit2.o(.ARM.Collect$$libinit$$00000002)
    .ARM.Collect$$libinit$$00000004          0x08000162   Section        0  libinit2.o(.ARM.Collect$$libinit$$00000004)
    .ARM.Collect$$libinit$$0000000A          0x08000162   Section        0  libinit2.o(.ARM.Collect$$libinit$$0000000A)
    .ARM.Collect$$libinit$$0000000C          0x08000162   Section        0  libinit2.o(.ARM.Collect$$libinit$$0000000C)
    .ARM.Collect$$libinit$$0000000E          0x08000162   Section        0  libinit2.o(.ARM.Collect$$libinit$$0000000E)
    .ARM.Collect$$libinit$$00000011          0x08000162   Section        0  libinit2.o(.ARM.Collect$$libinit$$00000011)
    .ARM.Collect$$libinit$$00000013          0x08000162   Section        0  libinit2.o(.ARM.Collect$$libinit$$00000013)
    .ARM.Collect$$libinit$$00000015          0x08000162   Section        0  libinit2.o(.ARM.Collect$$libinit$$00000015)
    .ARM.Collect$$libinit$$00000017          0x08000162   Section        0  libinit2.o(.ARM.Collect$$libinit$$00000017)
    .ARM.Collect$$libinit$$00000019          0x08000162   Section        0  libinit2.o(.ARM.Collect$$libinit$$00000019)
    .ARM.Collect$$libinit$$0000001B          0x08000162   Section        0  libinit2.o(.ARM.Collect$$libinit$$0000001B)
    .ARM.Collect$$libinit$$0000001D          0x08000162   Section        0  libinit2.o(.ARM.Collect$$libinit$$0000001D)
    .ARM.Collect$$libinit$$0000001F          0x08000162   Section        0  libinit2.o(.ARM.Collect$$libinit$$0000001F)
    .ARM.Collect$$libinit$$00000021          0x08000162   Section        0  libinit2.o(.ARM.Collect$$libinit$$00000021)
    .ARM.Collect$$libinit$$00000023          0x08000162   Section        0  libinit2.o(.ARM.Collect$$libinit$$00000023)
    .ARM.Collect$$libinit$$00000025          0x08000162   Section        0  libinit2.o(.ARM.Collect$$libinit$$00000025)
    .ARM.Collect$$libinit$$0000002C          0x08000162   Section        0  libinit2.o(.ARM.Collect$$libinit$$0000002C)
    .ARM.Collect$$libinit$$0000002E          0x08000162   Section        0  libinit2.o(.ARM.Collect$$libinit$$0000002E)
    .ARM.Collect$$libinit$$00000030          0x08000162   Section        0  libinit2.o(.ARM.Collect$$libinit$$00000030)
    .ARM.Collect$$libinit$$00000032          0x08000162   Section        0  libinit2.o(.ARM.Collect$$libinit$$00000032)
    .ARM.Collect$$libinit$$00000033          0x08000162   Section        2  libinit2.o(.ARM.Collect$$libinit$$00000033)
    .ARM.Collect$$libshutdown$$00000000      0x08000164   Section        2  libshutdown.o(.ARM.Collect$$libshutdown$$00000000)
    .ARM.Collect$$libshutdown$$00000002      0x08000166   Section        0  libshutdown2.o(.ARM.Collect$$libshutdown$$00000002)
    .ARM.Collect$$libshutdown$$00000004      0x08000166   Section        0  libshutdown2.o(.ARM.Collect$$libshutdown$$00000004)
    .ARM.Collect$$libshutdown$$00000007      0x08000166   Section        0  libshutdown2.o(.ARM.Collect$$libshutdown$$00000007)
    .ARM.Collect$$libshutdown$$0000000A      0x08000166   Section        0  libshutdown2.o(.ARM.Collect$$libshutdown$$0000000A)
    .ARM.Collect$$libshutdown$$0000000C      0x08000166   Section        0  libshutdown2.o(.ARM.Collect$$libshutdown$$0000000C)
    .ARM.Collect$$libshutdown$$0000000F      0x08000166   Section        0  libshutdown2.o(.ARM.Collect$$libshutdown$$0000000F)
    .ARM.Collect$$libshutdown$$00000010      0x08000166   Section        2  libshutdown2.o(.ARM.Collect$$libshutdown$$00000010)
    .ARM.Collect$$rtentry$$00000000          0x08000168   Section        0  __rtentry.o(.ARM.Collect$$rtentry$$00000000)
    .ARM.Collect$$rtentry$$00000002          0x08000168   Section        0  __rtentry2.o(.ARM.Collect$$rtentry$$00000002)
    .ARM.Collect$$rtentry$$00000004          0x08000168   Section        6  __rtentry4.o(.ARM.Collect$$rtentry$$00000004)
    .ARM.Collect$$rtentry$$00000009          0x0800016e   Section        0  __rtentry2.o(.ARM.Collect$$rtentry$$00000009)
    .ARM.Collect$$rtentry$$0000000A          0x0800016e   Section        4  __rtentry2.o(.ARM.Collect$$rtentry$$0000000A)
    .ARM.Collect$$rtentry$$0000000C          0x08000172   Section        0  __rtentry2.o(.ARM.Collect$$rtentry$$0000000C)
    .ARM.Collect$$rtentry$$0000000D          0x08000172   Section        8  __rtentry2.o(.ARM.Collect$$rtentry$$0000000D)
    .ARM.Collect$$rtexit$$00000000           0x0800017a   Section        2  rtexit.o(.ARM.Collect$$rtexit$$00000000)
    .ARM.Collect$$rtexit$$00000002           0x0800017c   Section        0  rtexit2.o(.ARM.Collect$$rtexit$$00000002)
    .ARM.Collect$$rtexit$$00000003           0x0800017c   Section        4  rtexit2.o(.ARM.Collect$$rtexit$$00000003)
    .ARM.Collect$$rtexit$$00000004           0x08000180   Section        6  rtexit2.o(.ARM.Collect$$rtexit$$00000004)
    .text                                    0x08000188   Section       64  startup_stm32f10x_md.o(.text)
    .text                                    0x080001c8   Section       78  rt_memclr_w.o(.text)
    .text                                    0x08000216   Section        0  heapauxi.o(.text)
    .text                                    0x0800021c   Section       74  sys_stackheap_outer.o(.text)
    .text                                    0x08000266   Section        0  exit.o(.text)
    .text                                    0x08000278   Section        8  libspace.o(.text)
    .text                                    0x08000280   Section        0  sys_exit.o(.text)
    .text                                    0x0800028c   Section        2  use_no_semi.o(.text)
    .text                                    0x0800028e   Section        0  indicate_semi.o(.text)
    i.Car_Stop                               0x08000290   Section        0  main.o(i.Car_Stop)
    i.CloseTimerForHc                        0x080002a8   Section        0  main.o(i.CloseTimerForHc)
    CloseTimerForHc                          0x080002a9   Thumb Code    12  main.o(i.CloseTimerForHc)
    i.DMA1_Channel1_Event                    0x080002b8   Section        0  dma_stm32f10x.o(i.DMA1_Channel1_Event)
    i.DMA1_Channel1_IRQHandler               0x080002bc   Section        0  dma_stm32f10x.o(i.DMA1_Channel1_IRQHandler)
    i.DMA1_Channel2_Event                    0x080002d8   Section        0  dma_stm32f10x.o(i.DMA1_Channel2_Event)
    i.DMA1_Channel2_IRQHandler               0x080002dc   Section        0  dma_stm32f10x.o(i.DMA1_Channel2_IRQHandler)
    i.DMA1_Channel3_Event                    0x080002f8   Section        0  dma_stm32f10x.o(i.DMA1_Channel3_Event)
    i.DMA1_Channel3_IRQHandler               0x080002fc   Section        0  dma_stm32f10x.o(i.DMA1_Channel3_IRQHandler)
    i.DMA1_Channel4_Event                    0x08000318   Section        0  dma_stm32f10x.o(i.DMA1_Channel4_Event)
    i.DMA1_Channel4_IRQHandler               0x0800031c   Section        0  dma_stm32f10x.o(i.DMA1_Channel4_IRQHandler)
    i.DMA1_Channel5_Event                    0x08000338   Section        0  dma_stm32f10x.o(i.DMA1_Channel5_Event)
    i.DMA1_Channel5_IRQHandler               0x0800033c   Section        0  dma_stm32f10x.o(i.DMA1_Channel5_IRQHandler)
    i.DMA1_Channel6_Event                    0x08000358   Section        0  dma_stm32f10x.o(i.DMA1_Channel6_Event)
    i.DMA1_Channel6_IRQHandler               0x0800035c   Section        0  dma_stm32f10x.o(i.DMA1_Channel6_IRQHandler)
    i.DMA1_Channel7_Event                    0x08000378   Section        0  dma_stm32f10x.o(i.DMA1_Channel7_Event)
    i.DMA1_Channel7_IRQHandler               0x0800037c   Section        0  dma_stm32f10x.o(i.DMA1_Channel7_IRQHandler)
    i.Dir_test                               0x08000398   Section        0  main.o(i.Dir_test)
    i.GPIO_AFConfigure                       0x0800040c   Section        0  gpio_stm32f10x.o(i.GPIO_AFConfigure)
    i.GPIO_GetPortClockState                 0x080004a8   Section        0  gpio_stm32f10x.o(i.GPIO_GetPortClockState)
    i.GPIO_Init                              0x08000540   Section        0  stm32f10x_gpio.o(i.GPIO_Init)
    i.GPIO_PinConfigure                      0x08000656   Section        0  gpio_stm32f10x.o(i.GPIO_PinConfigure)
    i.GPIO_PortClock                         0x080006d0   Section        0  gpio_stm32f10x.o(i.GPIO_PortClock)
    i.GPIO_ReadInputDataBit                  0x0800080c   Section        0  stm32f10x_gpio.o(i.GPIO_ReadInputDataBit)
    i.GPIO_ResetBits                         0x0800081e   Section        0  stm32f10x_gpio.o(i.GPIO_ResetBits)
    i.GPIO_SetBits                           0x08000822   Section        0  stm32f10x_gpio.o(i.GPIO_SetBits)
    i.GetEchoTimer                           0x08000828   Section        0  main.o(i.GetEchoTimer)
    i.Get_Infrared                           0x0800085c   Section        0  main.o(i.Get_Infrared)
    i.Go_Back                                0x08000878   Section        0  main.o(i.Go_Back)
    i.Go_Forward                             0x0800089c   Section        0  main.o(i.Go_Forward)
    i.Hcsr04GetLength                        0x080008c0   Section        0  main.o(i.Hcsr04GetLength)
    i.Infrared_Init                          0x08000970   Section        0  main.o(i.Infrared_Init)
    i.LED_Init                               0x080009c4   Section        0  main.o(i.LED_Init)
    i.NVIC_Init                              0x08000a0c   Section        0  misc.o(i.NVIC_Init)
    i.NVIC_PriorityGroupConfig               0x08000a7c   Section        0  misc.o(i.NVIC_PriorityGroupConfig)
    i.OpenTimerForHc                         0x08000a90   Section        0  main.o(i.OpenTimerForHc)
    OpenTimerForHc                           0x08000a91   Thumb Code    26  main.o(i.OpenTimerForHc)
    i.RCC_APB1PeriphClockCmd                 0x08000ab4   Section        0  stm32f10x_rcc.o(i.RCC_APB1PeriphClockCmd)
    i.RCC_APB1PeriphResetCmd                 0x08000ad4   Section        0  stm32f10x_rcc.o(i.RCC_APB1PeriphResetCmd)
    i.RCC_APB2PeriphClockCmd                 0x08000af4   Section        0  stm32f10x_rcc.o(i.RCC_APB2PeriphClockCmd)
    i.RCC_APB2PeriphResetCmd                 0x08000b14   Section        0  stm32f10x_rcc.o(i.RCC_APB2PeriphResetCmd)
    i.SetSysClock                            0x08000b34   Section        0  system_stm32f10x.o(i.SetSysClock)
    SetSysClock                              0x08000b35   Thumb Code     8  system_stm32f10x.o(i.SetSysClock)
    i.SetSysClockTo72                        0x08000b3c   Section        0  system_stm32f10x.o(i.SetSysClockTo72)
    SetSysClockTo72                          0x08000b3d   Thumb Code   214  system_stm32f10x.o(i.SetSysClockTo72)
    i.SystemInit                             0x08000c1c   Section        0  system_stm32f10x.o(i.SystemInit)
    i.System_Init                            0x08000c7c   Section        0  main.o(i.System_Init)
    i.TIM3_PWM_Init                          0x08000cb4   Section        0  main.o(i.TIM3_PWM_Init)
    i.TIM4_IRQHandler                        0x08000dbc   Section        0  main.o(i.TIM4_IRQHandler)
    i.TIM_ClearFlag                          0x08000de4   Section        0  stm32f10x_tim.o(i.TIM_ClearFlag)
    i.TIM_ClearITPendingBit                  0x08000dea   Section        0  stm32f10x_tim.o(i.TIM_ClearITPendingBit)
    i.TIM_Cmd                                0x08000df0   Section        0  stm32f10x_tim.o(i.TIM_Cmd)
    i.TIM_DeInit                             0x08000e08   Section        0  stm32f10x_tim.o(i.TIM_DeInit)
    i.TIM_GetCounter                         0x08000ff0   Section        0  stm32f10x_tim.o(i.TIM_GetCounter)
    i.TIM_GetITStatus                        0x08000ff6   Section        0  stm32f10x_tim.o(i.TIM_GetITStatus)
    i.TIM_ITConfig                           0x08001018   Section        0  stm32f10x_tim.o(i.TIM_ITConfig)
    i.TIM_SetCounter                         0x0800102a   Section        0  stm32f10x_tim.o(i.TIM_SetCounter)
    i.TIM_TimeBaseInit                       0x08001030   Section        0  stm32f10x_tim.o(i.TIM_TimeBaseInit)
    i.Turn_Around                            0x080010d4   Section        0  main.o(i.Turn_Around)
    i.Turn_Left                              0x08001100   Section        0  main.o(i.Turn_Left)
    i.Turn_Right                             0x0800112c   Section        0  main.o(i.Turn_Right)
    i.USART1_Control                         0x08001158   Section        0  usart_stm32f10x.o(i.USART1_Control)
    USART1_Control                           0x08001159   Thumb Code    18  usart_stm32f10x.o(i.USART1_Control)
    i.USART1_GetCapabilities                 0x08001170   Section        0  usart_stm32f10x.o(i.USART1_GetCapabilities)
    USART1_GetCapabilities                   0x08001171   Thumb Code    12  usart_stm32f10x.o(i.USART1_GetCapabilities)
    i.USART1_GetModemStatus                  0x08001180   Section        0  usart_stm32f10x.o(i.USART1_GetModemStatus)
    USART1_GetModemStatus                    0x08001181   Thumb Code    12  usart_stm32f10x.o(i.USART1_GetModemStatus)
    i.USART1_GetRxCount                      0x08001190   Section        0  usart_stm32f10x.o(i.USART1_GetRxCount)
    USART1_GetRxCount                        0x08001191   Thumb Code    10  usart_stm32f10x.o(i.USART1_GetRxCount)
    i.USART1_GetStatus                       0x080011a0   Section        0  usart_stm32f10x.o(i.USART1_GetStatus)
    USART1_GetStatus                         0x080011a1   Thumb Code    12  usart_stm32f10x.o(i.USART1_GetStatus)
    i.USART1_GetTxCount                      0x080011b0   Section        0  usart_stm32f10x.o(i.USART1_GetTxCount)
    USART1_GetTxCount                        0x080011b1   Thumb Code    10  usart_stm32f10x.o(i.USART1_GetTxCount)
    i.USART1_IRQHandler                      0x080011c0   Section        0  usart_stm32f10x.o(i.USART1_IRQHandler)
    i.USART1_Initialize                      0x080011d0   Section        0  usart_stm32f10x.o(i.USART1_Initialize)
    USART1_Initialize                        0x080011d1   Thumb Code    14  usart_stm32f10x.o(i.USART1_Initialize)
    i.USART1_PowerControl                    0x080011e4   Section        0  usart_stm32f10x.o(i.USART1_PowerControl)
    USART1_PowerControl                      0x080011e5   Thumb Code    14  usart_stm32f10x.o(i.USART1_PowerControl)
    i.USART1_Receive                         0x080011f8   Section        0  usart_stm32f10x.o(i.USART1_Receive)
    USART1_Receive                           0x080011f9   Thumb Code    18  usart_stm32f10x.o(i.USART1_Receive)
    i.USART1_Send                            0x08001210   Section        0  usart_stm32f10x.o(i.USART1_Send)
    USART1_Send                              0x08001211   Thumb Code    18  usart_stm32f10x.o(i.USART1_Send)
    i.USART1_SetModemControl                 0x08001228   Section        0  usart_stm32f10x.o(i.USART1_SetModemControl)
    USART1_SetModemControl                   0x08001229   Thumb Code    14  usart_stm32f10x.o(i.USART1_SetModemControl)
    i.USART1_Transfer                        0x0800123c   Section        0  usart_stm32f10x.o(i.USART1_Transfer)
    USART1_Transfer                          0x0800123d   Thumb Code    22  usart_stm32f10x.o(i.USART1_Transfer)
    i.USART1_Uninitialize                    0x08001258   Section        0  usart_stm32f10x.o(i.USART1_Uninitialize)
    USART1_Uninitialize                      0x08001259   Thumb Code    10  usart_stm32f10x.o(i.USART1_Uninitialize)
    i.USART_Control                          0x08001268   Section        0  usart_stm32f10x.o(i.USART_Control)
    USART_Control                            0x08001269   Thumb Code  2082  usart_stm32f10x.o(i.USART_Control)
    i.USART_GetCapabilities                  0x08001a8a   Section        0  usart_stm32f10x.o(i.USART_GetCapabilities)
    USART_GetCapabilities                    0x08001a8b   Thumb Code     6  usart_stm32f10x.o(i.USART_GetCapabilities)
    i.USART_GetModemStatus                   0x08001a90   Section        0  usart_stm32f10x.o(i.USART_GetModemStatus)
    USART_GetModemStatus                     0x08001a91   Thumb Code   144  usart_stm32f10x.o(i.USART_GetModemStatus)
    i.USART_GetRxCount                       0x08001b20   Section        0  usart_stm32f10x.o(i.USART_GetRxCount)
    USART_GetRxCount                         0x08001b21   Thumb Code     8  usart_stm32f10x.o(i.USART_GetRxCount)
    i.USART_GetStatus                        0x08001b28   Section        0  usart_stm32f10x.o(i.USART_GetStatus)
    USART_GetStatus                          0x08001b29   Thumb Code   212  usart_stm32f10x.o(i.USART_GetStatus)
    i.USART_GetTxCount                       0x08001bfc   Section        0  usart_stm32f10x.o(i.USART_GetTxCount)
    USART_GetTxCount                         0x08001bfd   Thumb Code     8  usart_stm32f10x.o(i.USART_GetTxCount)
    i.USART_IRQHandler                       0x08001c04   Section        0  usart_stm32f10x.o(i.USART_IRQHandler)
    i.USART_Initialize                       0x08001e74   Section        0  usart_stm32f10x.o(i.USART_Initialize)
    USART_Initialize                         0x08001e75   Thumb Code   162  usart_stm32f10x.o(i.USART_Initialize)
    i.USART_PeripheralReset                  0x08001f18   Section        0  usart_stm32f10x.o(i.USART_PeripheralReset)
    USART_PeripheralReset                    0x08001f19   Thumb Code   118  usart_stm32f10x.o(i.USART_PeripheralReset)
    i.USART_PowerControl                     0x08001fa0   Section        0  usart_stm32f10x.o(i.USART_PowerControl)
    USART_PowerControl                       0x08001fa1   Thumb Code   440  usart_stm32f10x.o(i.USART_PowerControl)
    i.USART_Receive                          0x08002170   Section        0  usart_stm32f10x.o(i.USART_Receive)
    USART_Receive                            0x08002171   Thumb Code   162  usart_stm32f10x.o(i.USART_Receive)
    i.USART_Send                             0x08002212   Section        0  usart_stm32f10x.o(i.USART_Send)
    USART_Send                               0x08002213   Thumb Code   136  usart_stm32f10x.o(i.USART_Send)
    i.USART_SetModemControl                  0x0800229a   Section        0  usart_stm32f10x.o(i.USART_SetModemControl)
    USART_SetModemControl                    0x0800229b   Thumb Code   156  usart_stm32f10x.o(i.USART_SetModemControl)
    i.USART_Transfer                         0x08002336   Section        0  usart_stm32f10x.o(i.USART_Transfer)
    USART_Transfer                           0x08002337   Thumb Code   106  usart_stm32f10x.o(i.USART_Transfer)
    i.USART_Uninitialize                     0x080023a0   Section        0  usart_stm32f10x.o(i.USART_Uninitialize)
    USART_Uninitialize                       0x080023a1   Thumb Code   108  usart_stm32f10x.o(i.USART_Uninitialize)
    i.USARTx_GetVersion                      0x0800240c   Section        0  usart_stm32f10x.o(i.USARTx_GetVersion)
    USARTx_GetVersion                        0x0800240d   Thumb Code    10  usart_stm32f10x.o(i.USARTx_GetVersion)
    i.Ultra_Init                             0x0800241c   Section        0  main.o(i.Ultra_Init)
    i.Vertify_Left                           0x080024b0   Section        0  main.o(i.Vertify_Left)
    i.Vertify_Right                          0x080024dc   Section        0  main.o(i.Vertify_Right)
    i.car_dir_back                           0x08002508   Section        0  main.o(i.car_dir_back)
    i.car_dir_left                           0x0800252e   Section        0  main.o(i.car_dir_left)
    i.car_dir_right                          0x08002554   Section        0  main.o(i.car_dir_right)
    i.delay_init                             0x0800257c   Section        0  main.o(i.delay_init)
    i.delay_ms                               0x080025bc   Section        0  main.o(i.delay_ms)
    i.delay_us                               0x080025f8   Section        0  main.o(i.delay_us)
    i.hcsr04_NVIC                            0x08002634   Section        0  main.o(i.hcsr04_NVIC)
    i.main                                   0x0800265c   Section        0  main.o(i.main)
    x$fpl$d2f                                0x08002868   Section       98  d2f.o(x$fpl$d2f)
    x$fpl$ddiv                               0x080028cc   Section      688  ddiv.o(x$fpl$ddiv)
    ddiv_entry                               0x080028d3   Thumb Code     0  ddiv.o(x$fpl$ddiv)
    x$fpl$dnaninf                            0x08002b7c   Section      156  dnaninf.o(x$fpl$dnaninf)
    x$fpl$dretinf                            0x08002c18   Section       12  dretinf.o(x$fpl$dretinf)
    x$fpl$f2d                                0x08002c24   Section       86  f2d.o(x$fpl$f2d)
    x$fpl$fadd                               0x08002c7c   Section      196  faddsub_clz.o(x$fpl$fadd)
    _fadd1                                   0x08002c8b   Thumb Code     0  faddsub_clz.o(x$fpl$fadd)
    x$fpl$fcmpinf                            0x08002d40   Section       24  fcmpi.o(x$fpl$fcmpinf)
    x$fpl$ffltu                              0x08002d58   Section       38  fflt_clz.o(x$fpl$ffltu)
    x$fpl$fleqf                              0x08002d80   Section      104  fleqf.o(x$fpl$fleqf)
    x$fpl$fnaninf                            0x08002de8   Section      140  fnaninf.o(x$fpl$fnaninf)
    x$fpl$fretinf                            0x08002e74   Section       10  fretinf.o(x$fpl$fretinf)
    x$fpl$fsub                               0x08002e80   Section      234  faddsub_clz.o(x$fpl$fsub)
    _fsub1                                   0x08002e8f   Thumb Code     0  faddsub_clz.o(x$fpl$fsub)
    x$fpl$usenofp                            0x08002f6a   Section        0  usenofp.o(x$fpl$usenofp)
    .constdata                               0x08002f6c   Section      116  usart_stm32f10x.o(.constdata)
    usart_driver_version                     0x08002f6c   Data           4  usart_stm32f10x.o(.constdata)
    USART1_Resources                         0x08002f70   Data          56  usart_stm32f10x.o(.constdata)
    .data                                    0x20000000   Section        6  main.o(.data)
    fac_us                                   0x20000000   Data           1  main.o(.data)
    fac_ms                                   0x20000002   Data           2  main.o(.data)
    .bss                                     0x20000008   Section       56  usart_stm32f10x.o(.bss)
    USART1_Info                              0x20000008   Data          20  usart_stm32f10x.o(.bss)
    USART1_TransferInfo                      0x2000001c   Data          36  usart_stm32f10x.o(.bss)
    .bss                                     0x20000040   Section       96  libspace.o(.bss)
    HEAP                                     0x200000a0   Section      512  startup_stm32f10x_md.o(HEAP)
    Heap_Mem                                 0x200000a0   Data         512  startup_stm32f10x_md.o(HEAP)
    STACK                                    0x200002a0   Section     1024  startup_stm32f10x_md.o(STACK)
    Stack_Mem                                0x200002a0   Data        1024  startup_stm32f10x_md.o(STACK)
    __initial_sp                             0x200006a0   Data           0  startup_stm32f10x_md.o(STACK)

    Global Symbols

    Symbol Name                              Value     Ov Type        Size  Object(Section)

    BuildAttributes$$THM_ISAv4$P$D$K$B$S$PE$A:L22UL41UL21$X:L11$S22US41US21$IEEE1$IW$USESV6$~STKCKD$USESV7$~SHL$OSPACE$ROPI$EBA8$UX$STANDARDLIB$REQ8$PRES8$EABIv2 0x00000000   Number         0  anon$$obj.o ABSOLUTE
    __ARM_use_no_argv                        0x00000000   Number         0  main.o ABSOLUTE
    __ARM_exceptions_init                     - Undefined Weak Reference
    __alloca_initialize                       - Undefined Weak Reference
    __arm_preinit_                            - Undefined Weak Reference
    __cpp_initialize__aeabi_                  - Undefined Weak Reference
    __cxa_finalize                            - Undefined Weak Reference
    __rt_locale                               - Undefined Weak Reference
    __sigvec_lookup                           - Undefined Weak Reference
    _atexit_init                              - Undefined Weak Reference
    _call_atexit_fns                          - Undefined Weak Reference
    _clock_init                               - Undefined Weak Reference
    _fp_trap_init                             - Undefined Weak Reference
    _fp_trap_shutdown                         - Undefined Weak Reference
    _get_lc_collate                           - Undefined Weak Reference
    _get_lc_ctype                             - Undefined Weak Reference
    _get_lc_monetary                          - Undefined Weak Reference
    _get_lc_numeric                           - Undefined Weak Reference
    _get_lc_time                              - Undefined Weak Reference
    _getenv_init                              - Undefined Weak Reference
    _handle_redirection                       - Undefined Weak Reference
    _init_alloc                               - Undefined Weak Reference
    _init_user_alloc                          - Undefined Weak Reference
    _initio                                   - Undefined Weak Reference
    _rand_init                                - Undefined Weak Reference
    _signal_finish                            - Undefined Weak Reference
    _signal_init                              - Undefined Weak Reference
    _terminate_alloc                          - Undefined Weak Reference
    _terminate_user_alloc                     - Undefined Weak Reference
    _terminateio                              - Undefined Weak Reference
    __Vectors_Size                           0x000000ec   Number         0  startup_stm32f10x_md.o ABSOLUTE
    __Vectors                                0x08000000   Data           4  startup_stm32f10x_md.o(RESET)
    __Vectors_End                            0x080000ec   Data           0  startup_stm32f10x_md.o(RESET)
    __main                                   0x080000ed   Thumb Code     8  __main.o(!!!main)
    __scatterload                            0x080000f5   Thumb Code     0  __scatter.o(!!!scatter)
    __scatterload_rt2                        0x080000f5   Thumb Code    44  __scatter.o(!!!scatter)
    __scatterload_rt2_thumb_only             0x080000f5   Thumb Code     0  __scatter.o(!!!scatter)
    __scatterload_null                       0x08000103   Thumb Code     0  __scatter.o(!!!scatter)
    __scatterload_copy                       0x08000129   Thumb Code    26  __scatter_copy.o(!!handler_copy)
    __scatterload_zeroinit                   0x08000145   Thumb Code    28  __scatter_zi.o(!!handler_zi)
    __rt_lib_init                            0x08000161   Thumb Code     0  libinit.o(.ARM.Collect$$libinit$$00000000)
    __rt_lib_init_alloca_1                   0x08000163   Thumb Code     0  libinit2.o(.ARM.Collect$$libinit$$0000002E)
    __rt_lib_init_argv_1                     0x08000163   Thumb Code     0  libinit2.o(.ARM.Collect$$libinit$$0000002C)
    __rt_lib_init_atexit_1                   0x08000163   Thumb Code     0  libinit2.o(.ARM.Collect$$libinit$$0000001B)
    __rt_lib_init_clock_1                    0x08000163   Thumb Code     0  libinit2.o(.ARM.Collect$$libinit$$00000021)
    __rt_lib_init_cpp_1                      0x08000163   Thumb Code     0  libinit2.o(.ARM.Collect$$libinit$$00000032)
    __rt_lib_init_exceptions_1               0x08000163   Thumb Code     0  libinit2.o(.ARM.Collect$$libinit$$00000030)
    __rt_lib_init_fp_1                       0x08000163   Thumb Code     0  libinit2.o(.ARM.Collect$$libinit$$00000002)
    __rt_lib_init_fp_trap_1                  0x08000163   Thumb Code     0  libinit2.o(.ARM.Collect$$libinit$$0000001F)
    __rt_lib_init_getenv_1                   0x08000163   Thumb Code     0  libinit2.o(.ARM.Collect$$libinit$$00000023)
    __rt_lib_init_heap_1                     0x08000163   Thumb Code     0  libinit2.o(.ARM.Collect$$libinit$$0000000A)
    __rt_lib_init_lc_collate_1               0x08000163   Thumb Code     0  libinit2.o(.ARM.Collect$$libinit$$00000011)
    __rt_lib_init_lc_ctype_1                 0x08000163   Thumb Code     0  libinit2.o(.ARM.Collect$$libinit$$00000013)
    __rt_lib_init_lc_monetary_1              0x08000163   Thumb Code     0  libinit2.o(.ARM.Collect$$libinit$$00000015)
    __rt_lib_init_lc_numeric_1               0x08000163   Thumb Code     0  libinit2.o(.ARM.Collect$$libinit$$00000017)
    __rt_lib_init_lc_time_1                  0x08000163   Thumb Code     0  libinit2.o(.ARM.Collect$$libinit$$00000019)
    __rt_lib_init_preinit_1                  0x08000163   Thumb Code     0  libinit2.o(.ARM.Collect$$libinit$$00000004)
    __rt_lib_init_rand_1                     0x08000163   Thumb Code     0  libinit2.o(.ARM.Collect$$libinit$$0000000E)
    __rt_lib_init_return                     0x08000163   Thumb Code     0  libinit2.o(.ARM.Collect$$libinit$$00000033)
    __rt_lib_init_signal_1                   0x08000163   Thumb Code     0  libinit2.o(.ARM.Collect$$libinit$$0000001D)
    __rt_lib_init_stdio_1                    0x08000163   Thumb Code     0  libinit2.o(.ARM.Collect$$libinit$$00000025)
    __rt_lib_init_user_alloc_1               0x08000163   Thumb Code     0  libinit2.o(.ARM.Collect$$libinit$$0000000C)
    __rt_lib_shutdown                        0x08000165   Thumb Code     0  libshutdown.o(.ARM.Collect$$libshutdown$$00000000)
    __rt_lib_shutdown_cpp_1                  0x08000167   Thumb Code     0  libshutdown2.o(.ARM.Collect$$libshutdown$$00000002)
    __rt_lib_shutdown_fp_trap_1              0x08000167   Thumb Code     0  libshutdown2.o(.ARM.Collect$$libshutdown$$00000007)
    __rt_lib_shutdown_heap_1                 0x08000167   Thumb Code     0  libshutdown2.o(.ARM.Collect$$libshutdown$$0000000F)
    __rt_lib_shutdown_return                 0x08000167   Thumb Code     0  libshutdown2.o(.ARM.Collect$$libshutdown$$00000010)
    __rt_lib_shutdown_signal_1               0x08000167   Thumb Code     0  libshutdown2.o(.ARM.Collect$$libshutdown$$0000000A)
    __rt_lib_shutdown_stdio_1                0x08000167   Thumb Code     0  libshutdown2.o(.ARM.Collect$$libshutdown$$00000004)
    __rt_lib_shutdown_user_alloc_1           0x08000167   Thumb Code     0  libshutdown2.o(.ARM.Collect$$libshutdown$$0000000C)
    __rt_entry                               0x08000169   Thumb Code     0  __rtentry.o(.ARM.Collect$$rtentry$$00000000)
    __rt_entry_presh_1                       0x08000169   Thumb Code     0  __rtentry2.o(.ARM.Collect$$rtentry$$00000002)
    __rt_entry_sh                            0x08000169   Thumb Code     0  __rtentry4.o(.ARM.Collect$$rtentry$$00000004)
    __rt_entry_li                            0x0800016f   Thumb Code     0  __rtentry2.o(.ARM.Collect$$rtentry$$0000000A)
    __rt_entry_postsh_1                      0x0800016f   Thumb Code     0  __rtentry2.o(.ARM.Collect$$rtentry$$00000009)
    __rt_entry_main                          0x08000173   Thumb Code     0  __rtentry2.o(.ARM.Collect$$rtentry$$0000000D)
    __rt_entry_postli_1                      0x08000173   Thumb Code     0  __rtentry2.o(.ARM.Collect$$rtentry$$0000000C)
    __rt_exit                                0x0800017b   Thumb Code     0  rtexit.o(.ARM.Collect$$rtexit$$00000000)
    __rt_exit_ls                             0x0800017d   Thumb Code     0  rtexit2.o(.ARM.Collect$$rtexit$$00000003)
    __rt_exit_prels_1                        0x0800017d   Thumb Code     0  rtexit2.o(.ARM.Collect$$rtexit$$00000002)
    __rt_exit_exit                           0x08000181   Thumb Code     0  rtexit2.o(.ARM.Collect$$rtexit$$00000004)
    Reset_Handler                            0x08000189   Thumb Code     8  startup_stm32f10x_md.o(.text)
    NMI_Handler                              0x08000191   Thumb Code     2  startup_stm32f10x_md.o(.text)
    HardFault_Handler                        0x08000193   Thumb Code     2  startup_stm32f10x_md.o(.text)
    MemManage_Handler                        0x08000195   Thumb Code     2  startup_stm32f10x_md.o(.text)
    BusFault_Handler                         0x08000197   Thumb Code     2  startup_stm32f10x_md.o(.text)
    UsageFault_Handler                       0x08000199   Thumb Code     2  startup_stm32f10x_md.o(.text)
    SVC_Handler                              0x0800019b   Thumb Code     2  startup_stm32f10x_md.o(.text)
    DebugMon_Handler                         0x0800019d   Thumb Code     2  startup_stm32f10x_md.o(.text)
    PendSV_Handler                           0x0800019f   Thumb Code     2  startup_stm32f10x_md.o(.text)
    SysTick_Handler                          0x080001a1   Thumb Code     2  startup_stm32f10x_md.o(.text)
    ADC1_2_IRQHandler                        0x080001a3   Thumb Code     0  startup_stm32f10x_md.o(.text)
    CAN1_RX1_IRQHandler                      0x080001a3   Thumb Code     0  startup_stm32f10x_md.o(.text)
    CAN1_SCE_IRQHandler                      0x080001a3   Thumb Code     0  startup_stm32f10x_md.o(.text)
    EXTI0_IRQHandler                         0x080001a3   Thumb Code     0  startup_stm32f10x_md.o(.text)
    EXTI15_10_IRQHandler                     0x080001a3   Thumb Code     0  startup_stm32f10x_md.o(.text)
    EXTI1_IRQHandler                         0x080001a3   Thumb Code     0  startup_stm32f10x_md.o(.text)
    EXTI2_IRQHandler                         0x080001a3   Thumb Code     0  startup_stm32f10x_md.o(.text)
    EXTI3_IRQHandler                         0x080001a3   Thumb Code     0  startup_stm32f10x_md.o(.text)
    EXTI4_IRQHandler                         0x080001a3   Thumb Code     0  startup_stm32f10x_md.o(.text)
    EXTI9_5_IRQHandler                       0x080001a3   Thumb Code     0  startup_stm32f10x_md.o(.text)
    FLASH_IRQHandler                         0x080001a3   Thumb Code     0  startup_stm32f10x_md.o(.text)
    I2C1_ER_IRQHandler                       0x080001a3   Thumb Code     0  startup_stm32f10x_md.o(.text)
    I2C1_EV_IRQHandler                       0x080001a3   Thumb Code     0  startup_stm32f10x_md.o(.text)
    I2C2_ER_IRQHandler                       0x080001a3   Thumb Code     0  startup_stm32f10x_md.o(.text)
    I2C2_EV_IRQHandler                       0x080001a3   Thumb Code     0  startup_stm32f10x_md.o(.text)
    PVD_IRQHandler                           0x080001a3   Thumb Code     0  startup_stm32f10x_md.o(.text)
    RCC_IRQHandler                           0x080001a3   Thumb Code     0  startup_stm32f10x_md.o(.text)
    RTCAlarm_IRQHandler                      0x080001a3   Thumb Code     0  startup_stm32f10x_md.o(.text)
    RTC_IRQHandler                           0x080001a3   Thumb Code     0  startup_stm32f10x_md.o(.text)
    SPI1_IRQHandler                          0x080001a3   Thumb Code     0  startup_stm32f10x_md.o(.text)
    SPI2_IRQHandler                          0x080001a3   Thumb Code     0  startup_stm32f10x_md.o(.text)
    TAMPER_IRQHandler                        0x080001a3   Thumb Code     0  startup_stm32f10x_md.o(.text)
    TIM1_BRK_IRQHandler                      0x080001a3   Thumb Code     0  startup_stm32f10x_md.o(.text)
    TIM1_CC_IRQHandler                       0x080001a3   Thumb Code     0  startup_stm32f10x_md.o(.text)
    TIM1_TRG_COM_IRQHandler                  0x080001a3   Thumb Code     0  startup_stm32f10x_md.o(.text)
    TIM1_UP_IRQHandler                       0x080001a3   Thumb Code     0  startup_stm32f10x_md.o(.text)
    TIM2_IRQHandler                          0x080001a3   Thumb Code     0  startup_stm32f10x_md.o(.text)
    TIM3_IRQHandler                          0x080001a3   Thumb Code     0  startup_stm32f10x_md.o(.text)
    USART2_IRQHandler                        0x080001a3   Thumb Code     0  startup_stm32f10x_md.o(.text)
    USART3_IRQHandler                        0x080001a3   Thumb Code     0  startup_stm32f10x_md.o(.text)
    USBWakeUp_IRQHandler                     0x080001a3   Thumb Code     0  startup_stm32f10x_md.o(.text)
    USB_HP_CAN1_TX_IRQHandler                0x080001a3   Thumb Code     0  startup_stm32f10x_md.o(.text)
    USB_LP_CAN1_RX0_IRQHandler               0x080001a3   Thumb Code     0  startup_stm32f10x_md.o(.text)
    WWDG_IRQHandler                          0x080001a3   Thumb Code     0  startup_stm32f10x_md.o(.text)
    __user_initial_stackheap                 0x080001a5   Thumb Code     0  startup_stm32f10x_md.o(.text)
    __aeabi_memclr4                          0x080001c9   Thumb Code     0  rt_memclr_w.o(.text)
    __aeabi_memclr8                          0x080001c9   Thumb Code     0  rt_memclr_w.o(.text)
    __rt_memclr_w                            0x080001c9   Thumb Code    78  rt_memclr_w.o(.text)
    _memset_w                                0x080001cd   Thumb Code     0  rt_memclr_w.o(.text)
    __use_two_region_memory                  0x08000217   Thumb Code     2  heapauxi.o(.text)
    __rt_heap_escrow$2region                 0x08000219   Thumb Code     2  heapauxi.o(.text)
    __rt_heap_expand$2region                 0x0800021b   Thumb Code     2  heapauxi.o(.text)
    __user_setup_stackheap                   0x0800021d   Thumb Code    74  sys_stackheap_outer.o(.text)
    exit                                     0x08000267   Thumb Code    18  exit.o(.text)
    __user_libspace                          0x08000279   Thumb Code     8  libspace.o(.text)
    __user_perproc_libspace                  0x08000279   Thumb Code     0  libspace.o(.text)
    __user_perthread_libspace                0x08000279   Thumb Code     0  libspace.o(.text)
    _sys_exit                                0x08000281   Thumb Code     8  sys_exit.o(.text)
    __I$use$semihosting                      0x0800028d   Thumb Code     0  use_no_semi.o(.text)
    __use_no_semihosting_swi                 0x0800028d   Thumb Code     2  use_no_semi.o(.text)
    __semihosting_library_function           0x0800028f   Thumb Code     0  indicate_semi.o(.text)
    Car_Stop                                 0x08000291   Thumb Code    20  main.o(i.Car_Stop)
    DMA1_Channel1_Event                      0x080002b9   Thumb Code     2  dma_stm32f10x.o(i.DMA1_Channel1_Event)
    DMA1_Channel1_IRQHandler                 0x080002bd   Thumb Code    22  dma_stm32f10x.o(i.DMA1_Channel1_IRQHandler)
    DMA1_Channel2_Event                      0x080002d9   Thumb Code     2  dma_stm32f10x.o(i.DMA1_Channel2_Event)
    DMA1_Channel2_IRQHandler                 0x080002dd   Thumb Code    24  dma_stm32f10x.o(i.DMA1_Channel2_IRQHandler)
    DMA1_Channel3_Event                      0x080002f9   Thumb Code     2  dma_stm32f10x.o(i.DMA1_Channel3_Event)
    DMA1_Channel3_IRQHandler                 0x080002fd   Thumb Code    24  dma_stm32f10x.o(i.DMA1_Channel3_IRQHandler)
    DMA1_Channel4_Event                      0x08000319   Thumb Code     2  dma_stm32f10x.o(i.DMA1_Channel4_Event)
    DMA1_Channel4_IRQHandler                 0x0800031d   Thumb Code    24  dma_stm32f10x.o(i.DMA1_Channel4_IRQHandler)
    DMA1_Channel5_Event                      0x08000339   Thumb Code     2  dma_stm32f10x.o(i.DMA1_Channel5_Event)
    DMA1_Channel5_IRQHandler                 0x0800033d   Thumb Code    24  dma_stm32f10x.o(i.DMA1_Channel5_IRQHandler)
    DMA1_Channel6_Event                      0x08000359   Thumb Code     2  dma_stm32f10x.o(i.DMA1_Channel6_Event)
    DMA1_Channel6_IRQHandler                 0x0800035d   Thumb Code    24  dma_stm32f10x.o(i.DMA1_Channel6_IRQHandler)
    DMA1_Channel7_Event                      0x08000379   Thumb Code     2  dma_stm32f10x.o(i.DMA1_Channel7_Event)
    DMA1_Channel7_IRQHandler                 0x0800037d   Thumb Code    24  dma_stm32f10x.o(i.DMA1_Channel7_IRQHandler)
    Dir_test                                 0x08000399   Thumb Code   112  main.o(i.Dir_test)
    GPIO_AFConfigure                         0x0800040d   Thumb Code   146  gpio_stm32f10x.o(i.GPIO_AFConfigure)
    GPIO_GetPortClockState                   0x080004a9   Thumb Code   118  gpio_stm32f10x.o(i.GPIO_GetPortClockState)
    GPIO_Init                                0x08000541   Thumb Code   278  stm32f10x_gpio.o(i.GPIO_Init)
    GPIO_PinConfigure                        0x08000657   Thumb Code   120  gpio_stm32f10x.o(i.GPIO_PinConfigure)
    GPIO_PortClock                           0x080006d1   Thumb Code   284  gpio_stm32f10x.o(i.GPIO_PortClock)
    GPIO_ReadInputDataBit                    0x0800080d   Thumb Code    18  stm32f10x_gpio.o(i.GPIO_ReadInputDataBit)
    GPIO_ResetBits                           0x0800081f   Thumb Code     4  stm32f10x_gpio.o(i.GPIO_ResetBits)
    GPIO_SetBits                             0x08000823   Thumb Code     4  stm32f10x_gpio.o(i.GPIO_SetBits)
    GetEchoTimer                             0x08000829   Thumb Code    42  main.o(i.GetEchoTimer)
    Get_Infrared                             0x0800085d   Thumb Code    22  main.o(i.Get_Infrared)
    Go_Back                                  0x08000879   Thumb Code    30  main.o(i.Go_Back)
    Go_Forward                               0x0800089d   Thumb Code    30  main.o(i.Go_Forward)
    Hcsr04GetLength                          0x080008c1   Thumb Code   160  main.o(i.Hcsr04GetLength)
    Infrared_Init                            0x08000971   Thumb Code    80  main.o(i.Infrared_Init)
    LED_Init                                 0x080009c5   Thumb Code    68  main.o(i.LED_Init)
    NVIC_Init                                0x08000a0d   Thumb Code   100  misc.o(i.NVIC_Init)
    NVIC_PriorityGroupConfig                 0x08000a7d   Thumb Code    10  misc.o(i.NVIC_PriorityGroupConfig)
    RCC_APB1PeriphClockCmd                   0x08000ab5   Thumb Code    26  stm32f10x_rcc.o(i.RCC_APB1PeriphClockCmd)
    RCC_APB1PeriphResetCmd                   0x08000ad5   Thumb Code    26  stm32f10x_rcc.o(i.RCC_APB1PeriphResetCmd)
    RCC_APB2PeriphClockCmd                   0x08000af5   Thumb Code    26  stm32f10x_rcc.o(i.RCC_APB2PeriphClockCmd)
    RCC_APB2PeriphResetCmd                   0x08000b15   Thumb Code    26  stm32f10x_rcc.o(i.RCC_APB2PeriphResetCmd)
    SystemInit                               0x08000c1d   Thumb Code    78  system_stm32f10x.o(i.SystemInit)
    System_Init                              0x08000c7d   Thumb Code    56  main.o(i.System_Init)
    TIM3_PWM_Init                            0x08000cb5   Thumb Code   248  main.o(i.TIM3_PWM_Init)
    TIM4_IRQHandler                          0x08000dbd   Thumb Code    32  main.o(i.TIM4_IRQHandler)
    TIM_ClearFlag                            0x08000de5   Thumb Code     6  stm32f10x_tim.o(i.TIM_ClearFlag)
    TIM_ClearITPendingBit                    0x08000deb   Thumb Code     6  stm32f10x_tim.o(i.TIM_ClearITPendingBit)
    TIM_Cmd                                  0x08000df1   Thumb Code    24  stm32f10x_tim.o(i.TIM_Cmd)
    TIM_DeInit                               0x08000e09   Thumb Code   424  stm32f10x_tim.o(i.TIM_DeInit)
    TIM_GetCounter                           0x08000ff1   Thumb Code     6  stm32f10x_tim.o(i.TIM_GetCounter)
    TIM_GetITStatus                          0x08000ff7   Thumb Code    34  stm32f10x_tim.o(i.TIM_GetITStatus)
    TIM_ITConfig                             0x08001019   Thumb Code    18  stm32f10x_tim.o(i.TIM_ITConfig)
    TIM_SetCounter                           0x0800102b   Thumb Code     4  stm32f10x_tim.o(i.TIM_SetCounter)
    TIM_TimeBaseInit                         0x08001031   Thumb Code   122  stm32f10x_tim.o(i.TIM_TimeBaseInit)
    Turn_Around                              0x080010d5   Thumb Code    38  main.o(i.Turn_Around)
    Turn_Left                                0x08001101   Thumb Code    38  main.o(i.Turn_Left)
    Turn_Right                               0x0800112d   Thumb Code    40  main.o(i.Turn_Right)
    USART1_IRQHandler                        0x080011c1   Thumb Code    10  usart_stm32f10x.o(i.USART1_IRQHandler)
    USART_IRQHandler                         0x08001c05   Thumb Code   624  usart_stm32f10x.o(i.USART_IRQHandler)
    Ultra_Init                               0x0800241d   Thumb Code   136  main.o(i.Ultra_Init)
    Vertify_Left                             0x080024b1   Thumb Code    38  main.o(i.Vertify_Left)
    Vertify_Right                            0x080024dd   Thumb Code    40  main.o(i.Vertify_Right)
    car_dir_back                             0x08002509   Thumb Code    38  main.o(i.car_dir_back)
    car_dir_left                             0x0800252f   Thumb Code    38  main.o(i.car_dir_left)
    car_dir_right                            0x08002555   Thumb Code    38  main.o(i.car_dir_right)
    delay_init                               0x0800257d   Thumb Code    56  main.o(i.delay_init)
    delay_ms                                 0x080025bd   Thumb Code    56  main.o(i.delay_ms)
    delay_us                                 0x080025f9   Thumb Code    56  main.o(i.delay_us)
    hcsr04_NVIC                              0x08002635   Thumb Code    40  main.o(i.hcsr04_NVIC)
    main                                     0x0800265d   Thumb Code   518  main.o(i.main)
    __aeabi_d2f                              0x08002869   Thumb Code     0  d2f.o(x$fpl$d2f)
    _d2f                                     0x08002869   Thumb Code    98  d2f.o(x$fpl$d2f)
    __aeabi_ddiv                             0x080028cd   Thumb Code     0  ddiv.o(x$fpl$ddiv)
    _ddiv                                    0x080028cd   Thumb Code   552  ddiv.o(x$fpl$ddiv)
    __fpl_dnaninf                            0x08002b7d   Thumb Code   156  dnaninf.o(x$fpl$dnaninf)
    __fpl_dretinf                            0x08002c19   Thumb Code    12  dretinf.o(x$fpl$dretinf)
    __aeabi_f2d                              0x08002c25   Thumb Code     0  f2d.o(x$fpl$f2d)
    _f2d                                     0x08002c25   Thumb Code    86  f2d.o(x$fpl$f2d)
    __aeabi_fadd                             0x08002c7d   Thumb Code     0  faddsub_clz.o(x$fpl$fadd)
    _fadd                                    0x08002c7d   Thumb Code   196  faddsub_clz.o(x$fpl$fadd)
    __fpl_fcmp_Inf                           0x08002d41   Thumb Code    24  fcmpi.o(x$fpl$fcmpinf)
    __aeabi_ui2f                             0x08002d59   Thumb Code     0  fflt_clz.o(x$fpl$ffltu)
    _ffltu                                   0x08002d59   Thumb Code    38  fflt_clz.o(x$fpl$ffltu)
    __aeabi_cfcmple                          0x08002d81   Thumb Code     0  fleqf.o(x$fpl$fleqf)
    _fcmple                                  0x08002d81   Thumb Code   104  fleqf.o(x$fpl$fleqf)
    __fpl_fcmple_InfNaN                      0x08002dd3   Thumb Code     0  fleqf.o(x$fpl$fleqf)
    __fpl_fnaninf                            0x08002de9   Thumb Code   140  fnaninf.o(x$fpl$fnaninf)
    __fpl_fretinf                            0x08002e75   Thumb Code    10  fretinf.o(x$fpl$fretinf)
    __aeabi_fsub                             0x08002e81   Thumb Code     0  faddsub_clz.o(x$fpl$fsub)
    _fsub                                    0x08002e81   Thumb Code   234  faddsub_clz.o(x$fpl$fsub)
    __I$use$fp                               0x08002f6a   Number         0  usenofp.o(x$fpl$usenofp)
    Driver_USART1                            0x08002fa8   Data          56  usart_stm32f10x.o(.constdata)
    Region$$Table$$Base                      0x08002fe0   Number         0  anon$$obj.o(Region$$Table)
    Region$$Table$$Limit                     0x08003000   Number         0  anon$$obj.o(Region$$Table)
    msHcCount                                0x20000004   Data           2  main.o(.data)
    __libspace_start                         0x20000040   Data          96  libspace.o(.bss)
    __temporary_stack_top$libspace           0x200000a0   Data           0  libspace.o(.bss)



==============================================================================

Memory Map of the image

  Image Entry point : 0x080000ed

  Load Region LR_IROM1 (Base: 0x08000000, Size: 0x00003008, Max: 0x00020000, ABSOLUTE)

    Execution Region ER_IROM1 (Exec base: 0x08000000, Load base: 0x08000000, Size: 0x00003000, Max: 0x00020000, ABSOLUTE)

    Exec Addr    Load Addr    Size         Type   Attr      Idx    E Section Name        Object

    0x08000000   0x08000000   0x000000ec   Data   RO         1812    RESET               startup_stm32f10x_md.o
    0x080000ec   0x080000ec   0x00000008   Code   RO         1869  * !!!main             c_w.l(__main.o)
    0x080000f4   0x080000f4   0x00000034   Code   RO         2061    !!!scatter          c_w.l(__scatter.o)
    0x08000128   0x08000128   0x0000001a   Code   RO         2063    !!handler_copy      c_w.l(__scatter_copy.o)
    0x08000142   0x08000142   0x00000002   PAD
    0x08000144   0x08000144   0x0000001c   Code   RO         2065    !!handler_zi        c_w.l(__scatter_zi.o)
    0x08000160   0x08000160   0x00000002   Code   RO         1931    .ARM.Collect$$libinit$$00000000  c_w.l(libinit.o)
    0x08000162   0x08000162   0x00000000   Code   RO         1938    .ARM.Collect$$libinit$$00000002  c_w.l(libinit2.o)
    0x08000162   0x08000162   0x00000000   Code   RO         1940    .ARM.Collect$$libinit$$00000004  c_w.l(libinit2.o)
    0x08000162   0x08000162   0x00000000   Code   RO         1943    .ARM.Collect$$libinit$$0000000A  c_w.l(libinit2.o)
    0x08000162   0x08000162   0x00000000   Code   RO         1945    .ARM.Collect$$libinit$$0000000C  c_w.l(libinit2.o)
    0x08000162   0x08000162   0x00000000   Code   RO         1947    .ARM.Collect$$libinit$$0000000E  c_w.l(libinit2.o)
    0x08000162   0x08000162   0x00000000   Code   RO         1950    .ARM.Collect$$libinit$$00000011  c_w.l(libinit2.o)
    0x08000162   0x08000162   0x00000000   Code   RO         1952    .ARM.Collect$$libinit$$00000013  c_w.l(libinit2.o)
    0x08000162   0x08000162   0x00000000   Code   RO         1954    .ARM.Collect$$libinit$$00000015  c_w.l(libinit2.o)
    0x08000162   0x08000162   0x00000000   Code   RO         1956    .ARM.Collect$$libinit$$00000017  c_w.l(libinit2.o)
    0x08000162   0x08000162   0x00000000   Code   RO         1958    .ARM.Collect$$libinit$$00000019  c_w.l(libinit2.o)
    0x08000162   0x08000162   0x00000000   Code   RO         1960    .ARM.Collect$$libinit$$0000001B  c_w.l(libinit2.o)
    0x08000162   0x08000162   0x00000000   Code   RO         1962    .ARM.Collect$$libinit$$0000001D  c_w.l(libinit2.o)
    0x08000162   0x08000162   0x00000000   Code   RO         1964    .ARM.Collect$$libinit$$0000001F  c_w.l(libinit2.o)
    0x08000162   0x08000162   0x00000000   Code   RO         1966    .ARM.Collect$$libinit$$00000021  c_w.l(libinit2.o)
    0x08000162   0x08000162   0x00000000   Code   RO         1968    .ARM.Collect$$libinit$$00000023  c_w.l(libinit2.o)
    0x08000162   0x08000162   0x00000000   Code   RO         1970    .ARM.Collect$$libinit$$00000025  c_w.l(libinit2.o)
    0x08000162   0x08000162   0x00000000   Code   RO         1974    .ARM.Collect$$libinit$$0000002C  c_w.l(libinit2.o)
    0x08000162   0x08000162   0x00000000   Code   RO         1976    .ARM.Collect$$libinit$$0000002E  c_w.l(libinit2.o)
    0x08000162   0x08000162   0x00000000   Code   RO         1978    .ARM.Collect$$libinit$$00000030  c_w.l(libinit2.o)
    0x08000162   0x08000162   0x00000000   Code   RO         1980    .ARM.Collect$$libinit$$00000032  c_w.l(libinit2.o)
    0x08000162   0x08000162   0x00000002   Code   RO         1981    .ARM.Collect$$libinit$$00000033  c_w.l(libinit2.o)
    0x08000164   0x08000164   0x00000002   Code   RO         2001    .ARM.Collect$$libshutdown$$00000000  c_w.l(libshutdown.o)
    0x08000166   0x08000166   0x00000000   Code   RO         2014    .ARM.Collect$$libshutdown$$00000002  c_w.l(libshutdown2.o)
    0x08000166   0x08000166   0x00000000   Code   RO         2016    .ARM.Collect$$libshutdown$$00000004  c_w.l(libshutdown2.o)
    0x08000166   0x08000166   0x00000000   Code   RO         2019    .ARM.Collect$$libshutdown$$00000007  c_w.l(libshutdown2.o)
    0x08000166   0x08000166   0x00000000   Code   RO         2022    .ARM.Collect$$libshutdown$$0000000A  c_w.l(libshutdown2.o)
    0x08000166   0x08000166   0x00000000   Code   RO         2024    .ARM.Collect$$libshutdown$$0000000C  c_w.l(libshutdown2.o)
    0x08000166   0x08000166   0x00000000   Code   RO         2027    .ARM.Collect$$libshutdown$$0000000F  c_w.l(libshutdown2.o)
    0x08000166   0x08000166   0x00000002   Code   RO         2028    .ARM.Collect$$libshutdown$$00000010  c_w.l(libshutdown2.o)
    0x08000168   0x08000168   0x00000000   Code   RO         1895    .ARM.Collect$$rtentry$$00000000  c_w.l(__rtentry.o)
    0x08000168   0x08000168   0x00000000   Code   RO         1908    .ARM.Collect$$rtentry$$00000002  c_w.l(__rtentry2.o)
    0x08000168   0x08000168   0x00000006   Code   RO         1920    .ARM.Collect$$rtentry$$00000004  c_w.l(__rtentry4.o)
    0x0800016e   0x0800016e   0x00000000   Code   RO         1910    .ARM.Collect$$rtentry$$00000009  c_w.l(__rtentry2.o)
    0x0800016e   0x0800016e   0x00000004   Code   RO         1911    .ARM.Collect$$rtentry$$0000000A  c_w.l(__rtentry2.o)
    0x08000172   0x08000172   0x00000000   Code   RO         1913    .ARM.Collect$$rtentry$$0000000C  c_w.l(__rtentry2.o)
    0x08000172   0x08000172   0x00000008   Code   RO         1914    .ARM.Collect$$rtentry$$0000000D  c_w.l(__rtentry2.o)
    0x0800017a   0x0800017a   0x00000002   Code   RO         1935    .ARM.Collect$$rtexit$$00000000  c_w.l(rtexit.o)
    0x0800017c   0x0800017c   0x00000000   Code   RO         1983    .ARM.Collect$$rtexit$$00000002  c_w.l(rtexit2.o)
    0x0800017c   0x0800017c   0x00000004   Code   RO         1984    .ARM.Collect$$rtexit$$00000003  c_w.l(rtexit2.o)
    0x08000180   0x08000180   0x00000006   Code   RO         1985    .ARM.Collect$$rtexit$$00000004  c_w.l(rtexit2.o)
    0x08000186   0x08000186   0x00000002   PAD
    0x08000188   0x08000188   0x00000040   Code   RO         1813    .text               startup_stm32f10x_md.o
    0x080001c8   0x080001c8   0x0000004e   Code   RO         1865    .text               c_w.l(rt_memclr_w.o)
    0x08000216   0x08000216   0x00000006   Code   RO         1867    .text               c_w.l(heapauxi.o)
    0x0800021c   0x0800021c   0x0000004a   Code   RO         1922    .text               c_w.l(sys_stackheap_outer.o)
    0x08000266   0x08000266   0x00000012   Code   RO         1924    .text               c_w.l(exit.o)
    0x08000278   0x08000278   0x00000008   Code   RO         1932    .text               c_w.l(libspace.o)
    0x08000280   0x08000280   0x0000000c   Code   RO         1993    .text               c_w.l(sys_exit.o)
    0x0800028c   0x0800028c   0x00000002   Code   RO         2004    .text               c_w.l(use_no_semi.o)
    0x0800028e   0x0800028e   0x00000000   Code   RO         2006    .text               c_w.l(indicate_semi.o)
    0x0800028e   0x0800028e   0x00000002   PAD
    0x08000290   0x08000290   0x00000018   Code   RO            4    i.Car_Stop          main.o
    0x080002a8   0x080002a8   0x00000010   Code   RO            5    i.CloseTimerForHc   main.o
    0x080002b8   0x080002b8   0x00000002   Code   RO         1630    i.DMA1_Channel1_Event  dma_stm32f10x.o
    0x080002ba   0x080002ba   0x00000002   PAD
    0x080002bc   0x080002bc   0x0000001c   Code   RO         1631    i.DMA1_Channel1_IRQHandler  dma_stm32f10x.o
    0x080002d8   0x080002d8   0x00000002   Code   RO         1632    i.DMA1_Channel2_Event  dma_stm32f10x.o
    0x080002da   0x080002da   0x00000002   PAD
    0x080002dc   0x080002dc   0x0000001c   Code   RO         1633    i.DMA1_Channel2_IRQHandler  dma_stm32f10x.o
    0x080002f8   0x080002f8   0x00000002   Code   RO         1634    i.DMA1_Channel3_Event  dma_stm32f10x.o
    0x080002fa   0x080002fa   0x00000002   PAD
    0x080002fc   0x080002fc   0x0000001c   Code   RO         1635    i.DMA1_Channel3_IRQHandler  dma_stm32f10x.o
    0x08000318   0x08000318   0x00000002   Code   RO         1636    i.DMA1_Channel4_Event  dma_stm32f10x.o
    0x0800031a   0x0800031a   0x00000002   PAD
    0x0800031c   0x0800031c   0x0000001c   Code   RO         1637    i.DMA1_Channel4_IRQHandler  dma_stm32f10x.o
    0x08000338   0x08000338   0x00000002   Code   RO         1638    i.DMA1_Channel5_Event  dma_stm32f10x.o
    0x0800033a   0x0800033a   0x00000002   PAD
    0x0800033c   0x0800033c   0x0000001c   Code   RO         1639    i.DMA1_Channel5_IRQHandler  dma_stm32f10x.o
    0x08000358   0x08000358   0x00000002   Code   RO         1640    i.DMA1_Channel6_Event  dma_stm32f10x.o
    0x0800035a   0x0800035a   0x00000002   PAD
    0x0800035c   0x0800035c   0x0000001c   Code   RO         1641    i.DMA1_Channel6_IRQHandler  dma_stm32f10x.o
    0x08000378   0x08000378   0x00000002   Code   RO         1642    i.DMA1_Channel7_Event  dma_stm32f10x.o
    0x0800037a   0x0800037a   0x00000002   PAD
    0x0800037c   0x0800037c   0x0000001c   Code   RO         1643    i.DMA1_Channel7_IRQHandler  dma_stm32f10x.o
    0x08000398   0x08000398   0x00000074   Code   RO            6    i.Dir_test          main.o
    0x0800040c   0x0800040c   0x0000009c   Code   RO         1768    i.GPIO_AFConfigure  gpio_stm32f10x.o
    0x080004a8   0x080004a8   0x00000098   Code   RO         1769    i.GPIO_GetPortClockState  gpio_stm32f10x.o
    0x08000540   0x08000540   0x00000116   Code   RO          546    i.GPIO_Init         stm32f10x_gpio.o
    0x08000656   0x08000656   0x00000078   Code   RO         1770    i.GPIO_PinConfigure  gpio_stm32f10x.o
    0x080006ce   0x080006ce   0x00000002   PAD
    0x080006d0   0x080006d0   0x0000013c   Code   RO         1771    i.GPIO_PortClock    gpio_stm32f10x.o
    0x0800080c   0x0800080c   0x00000012   Code   RO          550    i.GPIO_ReadInputDataBit  stm32f10x_gpio.o
    0x0800081e   0x0800081e   0x00000004   Code   RO          553    i.GPIO_ResetBits    stm32f10x_gpio.o
    0x08000822   0x08000822   0x00000004   Code   RO          554    i.GPIO_SetBits      stm32f10x_gpio.o
    0x08000826   0x08000826   0x00000002   PAD
    0x08000828   0x08000828   0x00000034   Code   RO            7    i.GetEchoTimer      main.o
    0x0800085c   0x0800085c   0x0000001c   Code   RO            8    i.Get_Infrared      main.o
    0x08000878   0x08000878   0x00000024   Code   RO            9    i.Go_Back           main.o
    0x0800089c   0x0800089c   0x00000024   Code   RO           10    i.Go_Forward        main.o
    0x080008c0   0x080008c0   0x000000b0   Code   RO           12    i.Hcsr04GetLength   main.o
    0x08000970   0x08000970   0x00000054   Code   RO           13    i.Infrared_Init     main.o
    0x080009c4   0x080009c4   0x00000048   Code   RO           15    i.LED_Init          main.o
    0x08000a0c   0x08000a0c   0x00000070   Code   RO          492    i.NVIC_Init         misc.o
    0x08000a7c   0x08000a7c   0x00000014   Code   RO          493    i.NVIC_PriorityGroupConfig  misc.o
    0x08000a90   0x08000a90   0x00000024   Code   RO           16    i.OpenTimerForHc    main.o
    0x08000ab4   0x08000ab4   0x00000020   Code   RO          668    i.RCC_APB1PeriphClockCmd  stm32f10x_rcc.o
    0x08000ad4   0x08000ad4   0x00000020   Code   RO          669    i.RCC_APB1PeriphResetCmd  stm32f10x_rcc.o
    0x08000af4   0x08000af4   0x00000020   Code   RO          670    i.RCC_APB2PeriphClockCmd  stm32f10x_rcc.o
    0x08000b14   0x08000b14   0x00000020   Code   RO          671    i.RCC_APB2PeriphResetCmd  stm32f10x_rcc.o
    0x08000b34   0x08000b34   0x00000008   Code   RO         1820    i.SetSysClock       system_stm32f10x.o
    0x08000b3c   0x08000b3c   0x000000e0   Code   RO         1821    i.SetSysClockTo72   system_stm32f10x.o
    0x08000c1c   0x08000c1c   0x00000060   Code   RO         1823    i.SystemInit        system_stm32f10x.o
    0x08000c7c   0x08000c7c   0x00000038   Code   RO           17    i.System_Init       main.o
    0x08000cb4   0x08000cb4   0x00000108   Code   RO           18    i.TIM3_PWM_Init     main.o
    0x08000dbc   0x08000dbc   0x00000028   Code   RO           19    i.TIM4_IRQHandler   main.o
    0x08000de4   0x08000de4   0x00000006   Code   RO          888    i.TIM_ClearFlag     stm32f10x_tim.o
    0x08000dea   0x08000dea   0x00000006   Code   RO          889    i.TIM_ClearITPendingBit  stm32f10x_tim.o
    0x08000df0   0x08000df0   0x00000018   Code   RO          894    i.TIM_Cmd           stm32f10x_tim.o
    0x08000e08   0x08000e08   0x000001e8   Code   RO          899    i.TIM_DeInit        stm32f10x_tim.o
    0x08000ff0   0x08000ff0   0x00000006   Code   RO          913    i.TIM_GetCounter    stm32f10x_tim.o
    0x08000ff6   0x08000ff6   0x00000022   Code   RO          915    i.TIM_GetITStatus   stm32f10x_tim.o
    0x08001018   0x08001018   0x00000012   Code   RO          919    i.TIM_ITConfig      stm32f10x_tim.o
    0x0800102a   0x0800102a   0x00000004   Code   RO          959    i.TIM_SetCounter    stm32f10x_tim.o
    0x0800102e   0x0800102e   0x00000002   PAD
    0x08001030   0x08001030   0x000000a4   Code   RO          965    i.TIM_TimeBaseInit  stm32f10x_tim.o
    0x080010d4   0x080010d4   0x0000002c   Code   RO           20    i.Turn_Around       main.o
    0x08001100   0x08001100   0x0000002c   Code   RO           21    i.Turn_Left         main.o
    0x0800112c   0x0800112c   0x0000002c   Code   RO           22    i.Turn_Right        main.o
    0x08001158   0x08001158   0x00000018   Code   RO          290    i.USART1_Control    usart_stm32f10x.o
    0x08001170   0x08001170   0x00000010   Code   RO          291    i.USART1_GetCapabilities  usart_stm32f10x.o
    0x08001180   0x08001180   0x00000010   Code   RO          292    i.USART1_GetModemStatus  usart_stm32f10x.o
    0x08001190   0x08001190   0x00000010   Code   RO          293    i.USART1_GetRxCount  usart_stm32f10x.o
    0x080011a0   0x080011a0   0x00000010   Code   RO          294    i.USART1_GetStatus  usart_stm32f10x.o
    0x080011b0   0x080011b0   0x00000010   Code   RO          295    i.USART1_GetTxCount  usart_stm32f10x.o
    0x080011c0   0x080011c0   0x00000010   Code   RO          296    i.USART1_IRQHandler  usart_stm32f10x.o
    0x080011d0   0x080011d0   0x00000014   Code   RO          297    i.USART1_Initialize  usart_stm32f10x.o
    0x080011e4   0x080011e4   0x00000014   Code   RO          298    i.USART1_PowerControl  usart_stm32f10x.o
    0x080011f8   0x080011f8   0x00000018   Code   RO          299    i.USART1_Receive    usart_stm32f10x.o
    0x08001210   0x08001210   0x00000018   Code   RO          300    i.USART1_Send       usart_stm32f10x.o
    0x08001228   0x08001228   0x00000014   Code   RO          301    i.USART1_SetModemControl  usart_stm32f10x.o
    0x0800123c   0x0800123c   0x0000001c   Code   RO          302    i.USART1_Transfer   usart_stm32f10x.o
    0x08001258   0x08001258   0x00000010   Code   RO          303    i.USART1_Uninitialize  usart_stm32f10x.o
    0x08001268   0x08001268   0x00000822   Code   RO          304    i.USART_Control     usart_stm32f10x.o
    0x08001a8a   0x08001a8a   0x00000006   Code   RO          305    i.USART_GetCapabilities  usart_stm32f10x.o
    0x08001a90   0x08001a90   0x00000090   Code   RO          306    i.USART_GetModemStatus  usart_stm32f10x.o
    0x08001b20   0x08001b20   0x00000008   Code   RO          307    i.USART_GetRxCount  usart_stm32f10x.o
    0x08001b28   0x08001b28   0x000000d4   Code   RO          308    i.USART_GetStatus   usart_stm32f10x.o
    0x08001bfc   0x08001bfc   0x00000008   Code   RO          309    i.USART_GetTxCount  usart_stm32f10x.o
    0x08001c04   0x08001c04   0x00000270   Code   RO          310    i.USART_IRQHandler  usart_stm32f10x.o
    0x08001e74   0x08001e74   0x000000a2   Code   RO          311    i.USART_Initialize  usart_stm32f10x.o
    0x08001f16   0x08001f16   0x00000002   PAD
    0x08001f18   0x08001f18   0x00000088   Code   RO          312    i.USART_PeripheralReset  usart_stm32f10x.o
    0x08001fa0   0x08001fa0   0x000001d0   Code   RO          313    i.USART_PowerControl  usart_stm32f10x.o
    0x08002170   0x08002170   0x000000a2   Code   RO          314    i.USART_Receive     usart_stm32f10x.o
    0x08002212   0x08002212   0x00000088   Code   RO          315    i.USART_Send        usart_stm32f10x.o
    0x0800229a   0x0800229a   0x0000009c   Code   RO          316    i.USART_SetModemControl  usart_stm32f10x.o
    0x08002336   0x08002336   0x0000006a   Code   RO          317    i.USART_Transfer    usart_stm32f10x.o
    0x080023a0   0x080023a0   0x0000006c   Code   RO          318    i.USART_Uninitialize  usart_stm32f10x.o
    0x0800240c   0x0800240c   0x00000010   Code   RO          319    i.USARTx_GetVersion  usart_stm32f10x.o
    0x0800241c   0x0800241c   0x00000094   Code   RO           23    i.Ultra_Init        main.o
    0x080024b0   0x080024b0   0x0000002c   Code   RO           25    i.Vertify_Left      main.o
    0x080024dc   0x080024dc   0x0000002c   Code   RO           26    i.Vertify_Right     main.o
    0x08002508   0x08002508   0x00000026   Code   RO           27    i.car_dir_back      main.o
    0x0800252e   0x0800252e   0x00000026   Code   RO           28    i.car_dir_left      main.o
    0x08002554   0x08002554   0x00000026   Code   RO           29    i.car_dir_right     main.o
    0x0800257a   0x0800257a   0x00000002   PAD
    0x0800257c   0x0800257c   0x00000040   Code   RO           30    i.delay_init        main.o
    0x080025bc   0x080025bc   0x0000003c   Code   RO           31    i.delay_ms          main.o
    0x080025f8   0x080025f8   0x0000003c   Code   RO           32    i.delay_us          main.o
    0x08002634   0x08002634   0x00000028   Code   RO           33    i.hcsr04_NVIC       main.o
    0x0800265c   0x0800265c   0x0000020c   Code   RO           34    i.main              main.o
    0x08002868   0x08002868   0x00000062   Code   RO         1871    x$fpl$d2f           fz_ws.l(d2f.o)
    0x080028ca   0x080028ca   0x00000002   PAD
    0x080028cc   0x080028cc   0x000002b0   Code   RO         1874    x$fpl$ddiv          fz_ws.l(ddiv.o)
    0x08002b7c   0x08002b7c   0x0000009c   Code   RO         1896    x$fpl$dnaninf       fz_ws.l(dnaninf.o)
    0x08002c18   0x08002c18   0x0000000c   Code   RO         1898    x$fpl$dretinf       fz_ws.l(dretinf.o)
    0x08002c24   0x08002c24   0x00000056   Code   RO         1877    x$fpl$f2d           fz_ws.l(f2d.o)
    0x08002c7a   0x08002c7a   0x00000002   PAD
    0x08002c7c   0x08002c7c   0x000000c4   Code   RO         1879    x$fpl$fadd          fz_ws.l(faddsub_clz.o)
    0x08002d40   0x08002d40   0x00000018   Code   RO         1900    x$fpl$fcmpinf       fz_ws.l(fcmpi.o)
    0x08002d58   0x08002d58   0x00000026   Code   RO         1885    x$fpl$ffltu         fz_ws.l(fflt_clz.o)
    0x08002d7e   0x08002d7e   0x00000002   PAD
    0x08002d80   0x08002d80   0x00000068   Code   RO         1891    x$fpl$fleqf         fz_ws.l(fleqf.o)
    0x08002de8   0x08002de8   0x0000008c   Code   RO         1902    x$fpl$fnaninf       fz_ws.l(fnaninf.o)
    0x08002e74   0x08002e74   0x0000000a   Code   RO         1904    x$fpl$fretinf       fz_ws.l(fretinf.o)
    0x08002e7e   0x08002e7e   0x00000002   PAD
    0x08002e80   0x08002e80   0x000000ea   Code   RO         1881    x$fpl$fsub          fz_ws.l(faddsub_clz.o)
    0x08002f6a   0x08002f6a   0x00000000   Code   RO         1906    x$fpl$usenofp       fz_ws.l(usenofp.o)
    0x08002f6a   0x08002f6a   0x00000002   PAD
    0x08002f6c   0x08002f6c   0x00000074   Data   RO          321    .constdata          usart_stm32f10x.o
    0x08002fe0   0x08002fe0   0x00000020   Data   RO         2059    Region$$Table       anon$$obj.o


    Execution Region RW_IRAM1 (Exec base: 0x20000000, Load base: 0x08003000, Size: 0x000006a0, Max: 0x00005000, ABSOLUTE)

    Exec Addr    Load Addr    Size         Type   Attr      Idx    E Section Name        Object

    0x20000000   0x08003000   0x00000006   Data   RW           36    .data               main.o
    0x20000006   0x08003006   0x00000002   PAD
    0x20000008        -       0x00000038   Zero   RW          320    .bss                usart_stm32f10x.o
    0x20000040        -       0x00000060   Zero   RW         1933    .bss                c_w.l(libspace.o)
    0x200000a0        -       0x00000200   Zero   RW         1811    HEAP                startup_stm32f10x_md.o
    0x200002a0        -       0x00000400   Zero   RW         1810    STACK               startup_stm32f10x_md.o


==============================================================================

Image component sizes


      Code (inc. data)   RO Data    RW Data    ZI Data      Debug   Object Name

       210         30          0          0          0       8435   dma_stm32f10x.o
       744         76          0          0          0       6813   gpio_stm32f10x.o
      2266        158          0          6          0     250669   main.o
       132         22          0          0          0       1883   misc.o
        64         26        236          0       1536        812   startup_stm32f10x_md.o
       304          0          0          0          0       4252   stm32f10x_gpio.o
       128         24          0          0          0       2756   stm32f10x_rcc.o
       750        106          0          0          0       7145   stm32f10x_tim.o
       328         28          0          0          0       1917   system_stm32f10x.o
      4802        158        116          0         56      64778   usart_stm32f10x.o

    ----------------------------------------------------------------------
      9752        628        384          8       1592     349460   Object Totals
         0          0         32          0          0          0   (incl. Generated)
        24          0          0          2          0          0   (incl. Padding)

    ----------------------------------------------------------------------

      Code (inc. data)   RO Data    RW Data    ZI Data      Debug   Library Member Name

         8          0          0          0          0         68   __main.o
         0          0          0          0          0          0   __rtentry.o
        12          0          0          0          0          0   __rtentry2.o
         6          0          0          0          0          0   __rtentry4.o
        52          8          0          0          0          0   __scatter.o
        26          0          0          0          0          0   __scatter_copy.o
        28          0          0          0          0          0   __scatter_zi.o
        18          0          0          0          0         80   exit.o
         6          0          0          0          0        152   heapauxi.o
         0          0          0          0          0          0   indicate_semi.o
         2          0          0          0          0          0   libinit.o
         2          0          0          0          0          0   libinit2.o
         2          0          0          0          0          0   libshutdown.o
         2          0          0          0          0          0   libshutdown2.o
         8          4          0          0         96         68   libspace.o
        78          0          0          0          0         80   rt_memclr_w.o
         2          0          0          0          0          0   rtexit.o
        10          0          0          0          0          0   rtexit2.o
        12          4          0          0          0         68   sys_exit.o
        74          0          0          0          0         80   sys_stackheap_outer.o
         2          0          0          0          0         68   use_no_semi.o
        98          4          0          0          0         92   d2f.o
       688        140          0          0          0        208   ddiv.o
       156          4          0          0          0         92   dnaninf.o
        12          0          0          0          0         68   dretinf.o
        86          4          0          0          0         84   f2d.o
       430          8          0          0          0        168   faddsub_clz.o
        24          0          0          0          0         68   fcmpi.o
        38          0          0          0          0         68   fflt_clz.o
       104          4          0          0          0         84   fleqf.o
       140          4          0          0          0         84   fnaninf.o
        10          0          0          0          0         68   fretinf.o
         0          0          0          0          0          0   usenofp.o

    ----------------------------------------------------------------------
      2152        184          0          0         96       1748   Library Totals
        16          0          0          0          0          0   (incl. Padding)

    ----------------------------------------------------------------------

      Code (inc. data)   RO Data    RW Data    ZI Data      Debug   Library Name

       350         16          0          0         96        664   c_w.l
      1786        168          0          0          0       1084   fz_ws.l

    ----------------------------------------------------------------------
      2152        184          0          0         96       1748   Library Totals

    ----------------------------------------------------------------------

==============================================================================


      Code (inc. data)   RO Data    RW Data    ZI Data      Debug   

     11904        812        384          8       1688     345432   Grand Totals
     11904        812        384          8       1688     345432   ELF Image Totals
     11904        812        384          8          0          0   ROM Totals

==============================================================================

    Total RO  Size (Code + RO Data)                12288 (  12.00kB)
    Total RW  Size (RW Data + ZI Data)              1696 (   1.66kB)
    Total ROM Size (Code + RO Data + RW Data)      12296 (  12.01kB)

==============================================================================

